Component: ARM Compiler 5.06 update 7 (build 960) Tool: armlink [4d3601]

==============================================================================

Section Cross References

    startup_stm32f103xe.o(RESET) refers to startup_stm32f103xe.o(STACK) for __initial_sp
    startup_stm32f103xe.o(RESET) refers to startup_stm32f103xe.o(.text) for Reset_Handler
    startup_stm32f103xe.o(RESET) refers to stm32f1xx_it.o(i.NMI_Handler) for NMI_Handler
    startup_stm32f103xe.o(RESET) refers to stm32f1xx_it.o(i.HardFault_Handler) for HardFault_Handler
    startup_stm32f103xe.o(RESET) refers to stm32f1xx_it.o(i.MemManage_Handler) for MemManage_Handler
    startup_stm32f103xe.o(RESET) refers to stm32f1xx_it.o(i.BusFault_Handler) for BusFault_Handler
    startup_stm32f103xe.o(RESET) refers to stm32f1xx_it.o(i.UsageFault_Handler) for UsageFault_Handler
    startup_stm32f103xe.o(RESET) refers to stm32f1xx_it.o(i.SVC_Handler) for SVC_Handler
    startup_stm32f103xe.o(RESET) refers to stm32f1xx_it.o(i.DebugMon_Handler) for DebugMon_Handler
    startup_stm32f103xe.o(RESET) refers to stm32f1xx_it.o(i.PendSV_Handler) for PendSV_Handler
    startup_stm32f103xe.o(RESET) refers to stm32f1xx_it.o(i.SysTick_Handler) for SysTick_Handler
    startup_stm32f103xe.o(RESET) refers to stm32f1xx_it.o(i.TIM2_IRQHandler) for TIM2_IRQHandler
    startup_stm32f103xe.o(RESET) refers to stm32f1xx_it.o(i.TIM3_IRQHandler) for TIM3_IRQHandler
    startup_stm32f103xe.o(RESET) refers to stm32f1xx_it.o(i.TIM4_IRQHandler) for TIM4_IRQHandler
    startup_stm32f103xe.o(RESET) refers to stm32f1xx_it.o(i.USART1_IRQHandler) for USART1_IRQHandler
    startup_stm32f103xe.o(RESET) refers to stm32f1xx_it.o(i.USART2_IRQHandler) for USART2_IRQHandler
    startup_stm32f103xe.o(RESET) refers to stm32f1xx_it.o(i.USART3_IRQHandler) for USART3_IRQHandler
    startup_stm32f103xe.o(RESET) refers to stm32f1xx_it.o(i.UART4_IRQHandler) for UART4_IRQHandler
    startup_stm32f103xe.o(RESET) refers to stm32f1xx_it.o(i.UART5_IRQHandler) for UART5_IRQHandler
    startup_stm32f103xe.o(RESET) refers to stm32f1xx_it.o(i.TIM6_IRQHandler) for TIM6_IRQHandler
    startup_stm32f103xe.o(.text) refers to system_stm32f1xx.o(i.SystemInit) for SystemInit
    startup_stm32f103xe.o(.text) refers to entry.o(.ARM.Collect$$$$00000000) for __main
    nrf24l01.o(i.Buf_clear1) refers to main.o(.bss) for Buf
    nrf24l01.o(i.NRF24L01_Check) refers to nrf24l01.o(i.W_SCK) for W_SCK
    nrf24l01.o(i.NRF24L01_Check) refers to nrf24l01.o(i.W_SS) for W_SS
    nrf24l01.o(i.NRF24L01_Check) refers to nrf24l01.o(i.W_CE) for W_CE
    nrf24l01.o(i.NRF24L01_Check) refers to nrf24l01.o(i.NRF24L01_Write_Buf) for NRF24L01_Write_Buf
    nrf24l01.o(i.NRF24L01_Check) refers to nrf24l01.o(i.NRF24L01_Read_Buf) for NRF24L01_Read_Buf
    nrf24l01.o(i.NRF24L01_GetRxBuf) refers to nrf24l01.o(i.NRF24L01_Read_Reg) for NRF24L01_Read_Reg
    nrf24l01.o(i.NRF24L01_GetRxBuf) refers to nrf24l01.o(i.NRF24L01_Write_Reg) for NRF24L01_Write_Reg
    nrf24l01.o(i.NRF24L01_GetRxBuf) refers to nrf24l01.o(i.W_CE) for W_CE
    nrf24l01.o(i.NRF24L01_GetRxBuf) refers to nrf24l01.o(i.NRF24L01_Read_Buf) for NRF24L01_Read_Buf
    nrf24l01.o(i.NRF24L01_GetRxBuf) refers to nrf24l01.o(i.Delay_us) for Delay_us
    nrf24l01.o(i.NRF24L01_Get_Value_Flag) refers to nrf24l01.o(i.R_IRQ) for R_IRQ
    nrf24l01.o(i.NRF24L01_Init) refers to nrf24l01.o(i.NRF24L01_Check) for NRF24L01_Check
    nrf24l01.o(i.NRF24L01_Init) refers to nrf24l01.o(i.NRF24L01_RT_Init) for NRF24L01_RT_Init
    nrf24l01.o(i.NRF24L01_RT_Init) refers to nrf24l01.o(i.W_CE) for W_CE
    nrf24l01.o(i.NRF24L01_RT_Init) refers to nrf24l01.o(i.NRF24L01_Write_Reg) for NRF24L01_Write_Reg
    nrf24l01.o(i.NRF24L01_RT_Init) refers to nrf24l01.o(i.NRF24L01_Write_Buf) for NRF24L01_Write_Buf
    nrf24l01.o(i.NRF24L01_RT_Init) refers to nrf24l01.o(.constdata) for TX_ADDRESS
    nrf24l01.o(i.NRF24L01_Read_Buf) refers to nrf24l01.o(i.W_SS) for W_SS
    nrf24l01.o(i.NRF24L01_Read_Buf) refers to nrf24l01.o(i.SPI_SwapByte) for SPI_SwapByte
    nrf24l01.o(i.NRF24L01_Read_Reg) refers to nrf24l01.o(i.W_SS) for W_SS
    nrf24l01.o(i.NRF24L01_Read_Reg) refers to nrf24l01.o(i.SPI_SwapByte) for SPI_SwapByte
    nrf24l01.o(i.NRF24L01_SendBuf) refers to nrf24l01.o(i.W_CE) for W_CE
    nrf24l01.o(i.NRF24L01_SendBuf) refers to nrf24l01.o(i.NRF24L01_Write_Reg) for NRF24L01_Write_Reg
    nrf24l01.o(i.NRF24L01_SendBuf) refers to nrf24l01.o(i.Delay_us) for Delay_us
    nrf24l01.o(i.NRF24L01_SendBuf) refers to nrf24l01.o(i.NRF24L01_SendTxBuf) for NRF24L01_SendTxBuf
    nrf24l01.o(i.NRF24L01_SendTxBuf) refers to nrf24l01.o(i.W_CE) for W_CE
    nrf24l01.o(i.NRF24L01_SendTxBuf) refers to nrf24l01.o(i.NRF24L01_Write_Buf) for NRF24L01_Write_Buf
    nrf24l01.o(i.NRF24L01_SendTxBuf) refers to nrf24l01.o(i.R_IRQ) for R_IRQ
    nrf24l01.o(i.NRF24L01_SendTxBuf) refers to nrf24l01.o(i.NRF24L01_Read_Reg) for NRF24L01_Read_Reg
    nrf24l01.o(i.NRF24L01_SendTxBuf) refers to nrf24l01.o(i.NRF24L01_Write_Reg) for NRF24L01_Write_Reg
[...]
    _printf_flags                            0x00000000   Number         0  stubs.o ABSOLUTE
    _printf_fp_dec                           0x00000000   Number         0  stubs.o ABSOLUTE
    _printf_fp_hex                           0x00000000   Number         0  stubs.o ABSOLUTE
    _printf_g                                0x00000000   Number         0  stubs.o ABSOLUTE
    _printf_i                                0x00000000   Number         0  stubs.o ABSOLUTE
    _printf_int_dec                          0x00000000   Number         0  stubs.o ABSOLUTE
    _printf_l                                0x00000000   Number         0  stubs.o ABSOLUTE
    _printf_lc                               0x00000000   Number         0  stubs.o ABSOLUTE
    _printf_ll                               0x00000000   Number         0  stubs.o ABSOLUTE
    _printf_lld                              0x00000000   Number         0  stubs.o ABSOLUTE
    _printf_lli                              0x00000000   Number         0  stubs.o ABSOLUTE
    _printf_llo                              0x00000000   Number         0  stubs.o ABSOLUTE
    _printf_llu                              0x00000000   Number         0  stubs.o ABSOLUTE
    _printf_llx                              0x00000000   Number         0  stubs.o ABSOLUTE
    _printf_longlong_dec                     0x00000000   Number         0  stubs.o ABSOLUTE
    _printf_longlong_hex                     0x00000000   Number         0  stubs.o ABSOLUTE
    _printf_longlong_oct                     0x00000000   Number         0  stubs.o ABSOLUTE
    _printf_ls                               0x00000000   Number         0  stubs.o ABSOLUTE
    _printf_mbtowc                           0x00000000   Number         0  stubs.o ABSOLUTE
    _printf_n                                0x00000000   Number         0  stubs.o ABSOLUTE
    _printf_o                                0x00000000   Number         0  stubs.o ABSOLUTE
    _printf_p                                0x00000000   Number         0  stubs.o ABSOLUTE
    _printf_percent                          0x00000000   Number         0  stubs.o ABSOLUTE
    _printf_pre_padding                      0x00000000   Number         0  stubs.o ABSOLUTE
    _printf_return_value                     0x00000000   Number         0  stubs.o ABSOLUTE
    _printf_s                                0x00000000   Number         0  stubs.o ABSOLUTE
    _printf_sizespec                         0x00000000   Number         0  stubs.o ABSOLUTE
    _printf_str                              0x00000000   Number         0  stubs.o ABSOLUTE
    _printf_truncate_signed                  0x00000000   Number         0  stubs.o ABSOLUTE
    _printf_truncate_unsigned                0x00000000   Number         0  stubs.o ABSOLUTE
    _printf_u                                0x00000000   Number         0  stubs.o ABSOLUTE
    _printf_wc                               0x00000000   Number         0  stubs.o ABSOLUTE
    _printf_wctomb                           0x00000000   Number         0  stubs.o ABSOLUTE
    _printf_widthprec                        0x00000000   Number         0  stubs.o ABSOLUTE
    _printf_x                                0x00000000   Number         0  stubs.o ABSOLUTE
    __arm_fini_                               - Undefined Weak Reference
    __cpp_initialize__aeabi_                  - Undefined Weak Reference
    __cxa_finalize                            - Undefined Weak Reference
    _clock_init                               - Undefined Weak Reference
    _microlib_exit                            - Undefined Weak Reference
    __Vectors_Size                           0x00000130   Number         0  startup_stm32f103xe.o ABSOLUTE
    __Vectors                                0x08000000   Data           4  startup_stm32f103xe.o(RESET)
    __Vectors_End                            0x08000130   Data           0  startup_stm32f103xe.o(RESET)
    __main                                   0x08000131   Thumb Code     0  entry.o(.ARM.Collect$$$$00000000)
    _main_stk                                0x08000131   Thumb Code     0  entry2.o(.ARM.Collect$$$$00000001)
    _main_scatterload                        0x08000135   Thumb Code     0  entry5.o(.ARM.Collect$$$$00000004)
    __main_after_scatterload                 0x08000139   Thumb Code     0  entry5.o(.ARM.Collect$$$$00000004)
    _main_clock                              0x08000139   Thumb Code     0  entry7b.o(.ARM.Collect$$$$00000008)
    _main_cpp_init                           0x08000139   Thumb Code     0  entry8b.o(.ARM.Collect$$$$0000000A)
    _main_init                               0x08000139   Thumb Code     0  entry9a.o(.ARM.Collect$$$$0000000B)
    __rt_lib_shutdown_fini                   0x08000141   Thumb Code     0  entry12b.o(.ARM.Collect$$$$0000000E)
    __rt_final_cpp                           0x08000145   Thumb Code     0  entry10a.o(.ARM.Collect$$$$0000000F)
    __rt_final_exit                          0x08000145   Thumb Code     0  entry11a.o(.ARM.Collect$$$$00000011)
    Reset_Handler                            0x08000149   Thumb Code     8  startup_stm32f103xe.o(.text)
    ADC1_2_IRQHandler                        0x08000163   Thumb Code     0  startup_stm32f103xe.o(.text)
    ADC3_IRQHandler                          0x08000163   Thumb Code     0  startup_stm32f103xe.o(.text)
    CAN1_RX1_IRQHandler                      0x08000163   Thumb Code     0  startup_stm32f103xe.o(.text)
    CAN1_SCE_IRQHandler                      0x08000163   Thumb Code     0  startup_stm32f103xe.o(.text)
    DMA1_Channel1_IRQHandler                 0x08000163   Thumb Code     0  startup_stm32f103xe.o(.text)
    DMA1_Channel2_IRQHandler                 0x08000163   Thumb Code     0  startup_stm32f103xe.o(.text)
    DMA1_Channel3_IRQHandler                 0x08000163   Thumb Code     0  startup_stm32f103xe.o(.text)
    DMA1_Channel4_IRQHandler                 0x08000163   Thumb Code     0  startup_stm32f103xe.o(.text)
    DMA1_Channel5_IRQHandler                 0x08000163   Thumb Code     0  startup_stm32f103xe.o(.text)
    DMA1_Channel6_IRQHandler                 0x08000163   Thumb Code     0  startup_stm32f103xe.o(.text)
    DMA1_Channel7_IRQHandler                 0x08000163   Thumb Code     0  startup_stm32f103xe.o(.text)
    DMA2_Channel1_IRQHandler                 0x08000163   Thumb Code     0  startup_stm32f103xe.o(.text)
    DMA2_Channel2_IRQHandler                 0x08000163   Thumb Code     0  startup_stm32f103xe.o(.text)
    DMA2_Channel3_IRQHandler                 0x08000163   Thumb Code     0  startup_stm32f103xe.o(.text)
    DMA2_Channel4_5_IRQHandler               0x08000163   Thumb Code     0  startup_stm32f103xe.o(.text)
    EXTI0_IRQHandler                         0x08000163   Thumb Code     0  startup_stm32f103xe.o(.text)
    EXTI15_10_IRQHandler                     0x08000163   Thumb Code     0  startup_stm32f103xe.o(.text)
    EXTI1_IRQHandler                         0x08000163   Thumb Code     0  startup_stm32f103xe.o(.text)
    EXTI2_IRQHandler                         0x08000163   Thumb Code     0  startup_stm32f103xe.o(.text)
    EXTI3_IRQHandler                         0x08000163   Thumb Code     0  startup_stm32f103xe.o(.text)
    EXTI4_IRQHandler                         0x08000163   Thumb Code     0  startup_stm32f103xe.o(.text)
    EXTI9_5_IRQHandler                       0x08000163   Thumb Code     0  startup_stm32f103xe.o(.text)
    FLASH_IRQHandler                         0x08000163   Thumb Code     0  startup_stm32f103xe.o(.text)
    FSMC_IRQHandler                          0x08000163   Thumb Code     0  startup_stm32f103xe.o(.text)
    I2C1_ER_IRQHandler                       0x08000163   Thumb Code     0  startup_stm32f103xe.o(.text)
    I2C1_EV_IRQHandler                       0x08000163   Thumb Code     0  startup_stm32f103xe.o(.text)
    I2C2_ER_IRQHandler                       0x08000163   Thumb Code     0  startup_stm32f103xe.o(.text)
    I2C2_EV_IRQHandler                       0x08000163   Thumb Code     0  startup_stm32f103xe.o(.text)
    PVD_IRQHandler                           0x08000163   Thumb Code     0  startup_stm32f103xe.o(.text)
    RCC_IRQHandler                           0x08000163   Thumb Code     0  startup_stm32f103xe.o(.text)
    RTC_Alarm_IRQHandler                     0x08000163   Thumb Code     0  startup_stm32f103xe.o(.text)
    RTC_IRQHandler                           0x08000163   Thumb Code     0  startup_stm32f103xe.o(.text)
    SDIO_IRQHandler                          0x08000163   Thumb Code     0  startup_stm32f103xe.o(.text)
    SPI1_IRQHandler                          0x08000163   Thumb Code     0  startup_stm32f103xe.o(.text)
    SPI2_IRQHandler                          0x08000163   Thumb Code     0  startup_stm32f103xe.o(.text)
    SPI3_IRQHandler                          0x08000163   Thumb Code     0  startup_stm32f103xe.o(.text)
    TAMPER_IRQHandler                        0x08000163   Thumb Code     0  startup_stm32f103xe.o(.text)
    TIM1_BRK_IRQHandler                      0x08000163   Thumb Code     0  startup_stm32f103xe.o(.text)
    TIM1_CC_IRQHandler                       0x08000163   Thumb Code     0  startup_stm32f103xe.o(.text)
    TIM1_TRG_COM_IRQHandler                  0x08000163   Thumb Code     0  startup_stm32f103xe.o(.text)
    TIM1_UP_IRQHandler                       0x08000163   Thumb Code     0  startup_stm32f103xe.o(.text)
    TIM5_IRQHandler                          0x08000163   Thumb Code     0  startup_stm32f103xe.o(.text)
    TIM7_IRQHandler                          0x08000163   Thumb Code     0  startup_stm32f103xe.o(.text)
    TIM8_BRK_IRQHandler                      0x08000163   Thumb Code     0  startup_stm32f103xe.o(.text)
    TIM8_CC_IRQHandler                       0x08000163   Thumb Code     0  startup_stm32f103xe.o(.text)
    TIM8_TRG_COM_IRQHandler                  0x08000163   Thumb Code     0  startup_stm32f103xe.o(.text)
    TIM8_UP_IRQHandler                       0x08000163   Thumb Code     0  startup_stm32f103xe.o(.text)
    USBWakeUp_IRQHandler                     0x08000163   Thumb Code     0  startup_stm32f103xe.o(.text)
    USB_HP_CAN1_TX_IRQHandler                0x08000163   Thumb Code     0  startup_stm32f103xe.o(.text)
    USB_LP_CAN1_RX0_IRQHandler               0x08000163   Thumb Code     0  startup_stm32f103xe.o(.text)
    WWDG_IRQHandler                          0x08000163   Thumb Code     0  startup_stm32f103xe.o(.text)
    __aeabi_llsr                             0x0800016d   Thumb Code    32  llushr.o(.text)
    _ll_ushift_r                             0x0800016d   Thumb Code     0  llushr.o(.text)
    __aeabi_memset                           0x0800018d   Thumb Code    14  memseta.o(.text)
    __aeabi_memset4                          0x0800018d   Thumb Code     0  memseta.o(.text)
    __aeabi_memset8                          0x0800018d   Thumb Code     0  memseta.o(.text)
    __aeabi_memclr                           0x0800019b   Thumb Code     4  memseta.o(.text)
    __aeabi_memclr4                          0x0800019b   Thumb Code     0  memseta.o(.text)
    __aeabi_memclr8                          0x0800019b   Thumb Code     0  memseta.o(.text)
    _memset$wrapper                          0x0800019f   Thumb Code    18  memseta.o(.text)
    strlen                                   0x080001b1   Thumb Code    14  strlen.o(.text)
    strtol                                   0x080001bf   Thumb Code   112  strtol.o(.text)
    __aeabi_fadd                             0x0800022f   Thumb Code   164  fadd.o(.text)
    __aeabi_fsub                             0x080002d3   Thumb Code     6  fadd.o(.text)
    __aeabi_frsub                            0x080002d9   Thumb Code     6  fadd.o(.text)
    __aeabi_fmul                             0x080002df   Thumb Code   100  fmul.o(.text)
    __aeabi_fdiv                             0x08000343   Thumb Code   124  fdiv.o(.text)
    __aeabi_dadd                             0x080003bf   Thumb Code   322  dadd.o(.text)
    __aeabi_dsub                             0x08000501   Thumb Code     6  dadd.o(.text)
    __aeabi_drsub                            0x08000507   Thumb Code     6  dadd.o(.text)
    __aeabi_dmul                             0x0800050d   Thumb Code   228  dmul.o(.text)
    __aeabi_ddiv                             0x080005f1   Thumb Code   222  ddiv.o(.text)
    __aeabi_i2f                              0x080006cf   Thumb Code    18  fflti.o(.text)
    __aeabi_ui2f                             0x080006e1   Thumb Code    10  ffltui.o(.text)
    __aeabi_i2d                              0x080006eb   Thumb Code    34  dflti.o(.text)
    __aeabi_ui2d                             0x0800070d   Thumb Code    26  dfltui.o(.text)
    __aeabi_f2iz                             0x08000727   Thumb Code    50  ffixi.o(.text)
    __aeabi_d2uiz                            0x08000759   Thumb Code    50  dfixui.o(.text)
    __aeabi_f2d                              0x0800078b   Thumb Code    38  f2d.o(.text)
    __aeabi_cdcmpeq                          0x080007b1   Thumb Code     0  cdcmple.o(.text)
    __aeabi_cdcmple                          0x080007b1   Thumb Code    48  cdcmple.o(.text)
    __aeabi_cdrcmple                         0x080007e1   Thumb Code    48  cdrcmple.o(.text)
    __aeabi_d2f                              0x08000811   Thumb Code    56  d2f.o(.text)
    __aeabi_cfcmpeq                          0x08000849   Thumb Code     0  cfcmple.o(.text)
    __aeabi_cfcmple                          0x08000849   Thumb Code    20  cfcmple.o(.text)
    __aeabi_cfrcmple                         0x0800085d   Thumb Code    20  cfrcmple.o(.text)
    __aeabi_uidiv                            0x08000871   Thumb Code     0  uidiv.o(.text)
    __aeabi_uidivmod                         0x08000871   Thumb Code    44  uidiv.o(.text)
    __aeabi_uldivmod                         0x0800089d   Thumb Code    98  uldiv.o(.text)
    __aeabi_llsl                             0x080008ff   Thumb Code    30  llshl.o(.text)
    _ll_shift_l                              0x080008ff   Thumb Code     0  llshl.o(.text)
    __aeabi_lasr                             0x0800091d   Thumb Code    36  llsshr.o(.text)
    _ll_sshift_r                             0x0800091d   Thumb Code     0  llsshr.o(.text)
    __rt_ctype_table                         0x08000941   Thumb Code     4  ctype_o.o(.text)
    _strtoul                                 0x08000949   Thumb Code   158  _strtoul.o(.text)
    __I$use$fp                               0x080009e7   Thumb Code     0  iusefp.o(.text)
    _float_round                             0x080009e7   Thumb Code    18  fepilogue.o(.text)
    _float_epilogue                          0x080009f9   Thumb Code    92  fepilogue.o(.text)
    _double_round                            0x08000a55   Thumb Code    30  depilogue.o(.text)
    _double_epilogue                         0x08000a73   Thumb Code   156  depilogue.o(.text)
    __ARM_scalbn                             0x08000b0f   Thumb Code    46  dscalb.o(.text)
    scalbn                                   0x08000b0f   Thumb Code     0  dscalb.o(.text)
    _dsqrt                                   0x08000b3d   Thumb Code   162  dsqrt.o(.text)
    __aeabi_d2ulz                            0x08000bdf   Thumb Code    48  dfixul.o(.text)
    __scatterload                            0x08000c11   Thumb Code    28  init.o(.text)
    __scatterload_rt2                        0x08000c11   Thumb Code     0  init.o(.text)
    _chval                                   0x08000c35   Thumb Code    28  _chval.o(.text)
    __decompress                             0x08000c51   Thumb Code     0  __dczerorl2.o(.text)
    __decompress1                            0x08000c51   Thumb Code    86  __dczerorl2.o(.text)
    ALL_INIT                                 0x08000ca9   Thumb Code    80  emm_v5.o(i.ALL_INIT)
    Buf_clear1                               0x08000d21   Thumb Code    20  nrf24l01.o(i.Buf_clear1)
    BusFault_Handler                         0x08000d39   Thumb Code     4  stm32f1xx_it.o(i.BusFault_Handler)
    DebugMon_Handler                         0x08000d3d   Thumb Code     2  stm32f1xx_it.o(i.DebugMon_Handler)
    Delay_us                                 0x08000d3f   Thumb Code    46  nrf24l01.o(i.Delay_us)
    Emm_V5_Pos_Control                       0x08000d6d   Thumb Code   108  emm_v5.o(i.Emm_V5_Pos_Control)
    Emm_V5_Stop_Now                          0x08000dd9   Thumb Code    52  emm_v5.o(i.Emm_V5_Stop_Now)
    Emm_V5_Synchronous_motion                0x08000e0d   Thumb Code    46  emm_v5.o(i.Emm_V5_Synchronous_motion)
    Emm_V5_Vel_Control                       0x08000e3b   Thumb Code    78  emm_v5.o(i.Emm_V5_Vel_Control)
    Error_Handler                            0x08000e89   Thumb Code     6  main.o(i.Error_Handler)
    HAL_DMA_Abort                            0x08000e8f   Thumb Code    86  stm32f1xx_hal_dma.o(i.HAL_DMA_Abort)
    HAL_DMA_Abort_IT                         0x08000ee5   Thumb Code   414  stm32f1xx_hal_dma.o(i.HAL_DMA_Abort_IT)
    HAL_GPIO_Init                            0x0800108d   Thumb Code   792  stm32f1xx_hal_gpio.o(i.HAL_GPIO_Init)
    HAL_GPIO_ReadPin                         0x080013cd   Thumb Code    16  stm32f1xx_hal_gpio.o(i.HAL_GPIO_ReadPin)
    HAL_GPIO_TogglePin                       0x080013dd   Thumb Code    20  stm32f1xx_hal_gpio.o(i.HAL_GPIO_TogglePin)
    HAL_GPIO_WritePin                        0x080013f1   Thumb Code    12  stm32f1xx_hal_gpio.o(i.HAL_GPIO_WritePin)
    HAL_GetTick                              0x080013fd   Thumb Code     6  stm32f1xx_hal.o(i.HAL_GetTick)
    HAL_IncTick                              0x08001409   Thumb Code    16  stm32f1xx_hal.o(i.HAL_IncTick)
    HAL_Init                                 0x08001421   Thumb Code    34  stm32f1xx_hal.o(i.HAL_Init)
    HAL_InitTick                             0x08001449   Thumb Code    64  stm32f1xx_hal.o(i.HAL_InitTick)
    HAL_MspInit                              0x08001495   Thumb Code    76  stm32f1xx_hal_msp.o(i.HAL_MspInit)
    HAL_NVIC_EnableIRQ                       0x080014e9   Thumb Code    32  stm32f1xx_hal_cortex.o(i.HAL_NVIC_EnableIRQ)
    HAL_NVIC_SetPriority                     0x08001509   Thumb Code   124  stm32f1xx_hal_cortex.o(i.HAL_NVIC_SetPriority)
    HAL_NVIC_SetPriorityGrouping             0x08001585   Thumb Code    32  stm32f1xx_hal_cortex.o(i.HAL_NVIC_SetPriorityGrouping)
    HAL_RCC_ClockConfig                      0x080015ad   Thumb Code   376  stm32f1xx_hal_rcc.o(i.HAL_RCC_ClockConfig)
    HAL_RCC_GetHCLKFreq                      0x08001739   Thumb Code     6  stm32f1xx_hal_rcc.o(i.HAL_RCC_GetHCLKFreq)
    HAL_RCC_GetPCLK1Freq                     0x08001745   Thumb Code    22  stm32f1xx_hal_rcc.o(i.HAL_RCC_GetPCLK1Freq)
    HAL_RCC_GetPCLK2Freq                     0x08001765   Thumb Code    22  stm32f1xx_hal_rcc.o(i.HAL_RCC_GetPCLK2Freq)
    HAL_RCC_GetSysClockFreq                  0x08001785   Thumb Code    92  stm32f1xx_hal_rcc.o(i.HAL_RCC_GetSysClockFreq)
    HAL_RCC_OscConfig                        0x080017f5   Thumb Code  1114  stm32f1xx_hal_rcc.o(i.HAL_RCC_OscConfig)
    HAL_SYSTICK_Config                       0x08001c59   Thumb Code    52  stm32f1xx_hal_cortex.o(i.HAL_SYSTICK_Config)
    HAL_TIMEx_BreakCallback                  0x08001c8d   Thumb Code     2  stm32f1xx_hal_tim_ex.o(i.HAL_TIMEx_BreakCallback)
    HAL_TIMEx_CommutCallback                 0x08001c8f   Thumb Code     2  stm32f1xx_hal_tim_ex.o(i.HAL_TIMEx_CommutCallback)
    HAL_TIMEx_ConfigBreakDeadTime            0x08001c91   Thumb Code   116  stm32f1xx_hal_tim_ex.o(i.HAL_TIMEx_ConfigBreakDeadTime)
    HAL_TIMEx_MasterConfigSynchronization    0x08001d05   Thumb Code   134  stm32f1xx_hal_tim_ex.o(i.HAL_TIMEx_MasterConfigSynchronization)
    HAL_TIM_Base_Init                        0x08001da1   Thumb Code   102  stm32f1xx_hal_tim.o(i.HAL_TIM_Base_Init)
    HAL_TIM_Base_MspInit                     0x08001e09   Thumb Code   256  tim.o(i.HAL_TIM_Base_MspInit)
    HAL_TIM_Base_Start_IT                    0x08001f1d   Thumb Code   122  stm32f1xx_hal_tim.o(i.HAL_TIM_Base_Start_IT)
    HAL_TIM_ConfigClockSource                0x08001fad   Thumb Code   268  stm32f1xx_hal_tim.o(i.HAL_TIM_ConfigClockSource)
    HAL_TIM_IC_CaptureCallback               0x080020b9   Thumb Code     2  stm32f1xx_hal_tim.o(i.HAL_TIM_IC_CaptureCallback)
    HAL_TIM_IRQHandler                       0x080020bb   Thumb Code   406  stm32f1xx_hal_tim.o(i.HAL_TIM_IRQHandler)
    HAL_TIM_MspPostInit                      0x08002251   Thumb Code    98  tim.o(i.HAL_TIM_MspPostInit)
    HAL_TIM_OC_DelayElapsedCallback          0x080022c5   Thumb Code     2  stm32f1xx_hal_tim.o(i.HAL_TIM_OC_DelayElapsedCallback)
    HAL_TIM_PWM_ConfigChannel                0x080022c7   Thumb Code   260  stm32f1xx_hal_tim.o(i.HAL_TIM_PWM_ConfigChannel)
    HAL_TIM_PWM_Init                         0x080023cb   Thumb Code   102  stm32f1xx_hal_tim.o(i.HAL_TIM_PWM_Init)
    HAL_TIM_PWM_MspInit                      0x08002431   Thumb Code     2  stm32f1xx_hal_tim.o(i.HAL_TIM_PWM_MspInit)
    HAL_TIM_PWM_PulseFinishedCallback        0x08002433   Thumb Code     2  stm32f1xx_hal_tim.o(i.HAL_TIM_PWM_PulseFinishedCallback)
    HAL_TIM_PWM_Start                        0x08002435   Thumb Code   222  stm32f1xx_hal_tim.o(i.HAL_TIM_PWM_Start)
    HAL_TIM_PeriodElapsedCallback            0x08002529   Thumb Code  2088  emm_v5.o(i.HAL_TIM_PeriodElapsedCallback)
    HAL_TIM_TriggerCallback                  0x08002dd5   Thumb Code     2  stm32f1xx_hal_tim.o(i.HAL_TIM_TriggerCallback)
    HAL_UARTEx_RxEventCallback               0x08002dd7   Thumb Code     2  stm32f1xx_hal_uart.o(i.HAL_UARTEx_RxEventCallback)
    HAL_UART_ErrorCallback                   0x08002dd9   Thumb Code     2  stm32f1xx_hal_uart.o(i.HAL_UART_ErrorCallback)
    HAL_UART_IRQHandler                      0x08002ddd   Thumb Code   736  stm32f1xx_hal_uart.o(i.HAL_UART_IRQHandler)
    HAL_UART_Init                            0x080030c1   Thumb Code   118  stm32f1xx_hal_uart.o(i.HAL_UART_Init)
    HAL_UART_MspInit                         0x08003139   Thumb Code   662  usart.o(i.HAL_UART_MspInit)
    HAL_UART_Receive_IT                      0x080033f9   Thumb Code    44  stm32f1xx_hal_uart.o(i.HAL_UART_Receive_IT)
    HAL_UART_RxCpltCallback                  0x08003425   Thumb Code    84  tjc_usart_hmi.o(i.HAL_UART_RxCpltCallback)
    HAL_UART_Transmit_IT                     0x0800349d   Thumb Code    56  stm32f1xx_hal_uart.o(i.HAL_UART_Transmit_IT)
    HAL_UART_TxCpltCallback                  0x080034d5   Thumb Code     2  stm32f1xx_hal_uart.o(i.HAL_UART_TxCpltCallback)
    HardFault_Handler                        0x080034d7   Thumb Code     4  stm32f1xx_it.o(i.HardFault_Handler)
    JY901S_init                              0x080034dd   Thumb Code    62  jy901s.o(i.JY901S_init)
    MX_GPIO_Init                             0x08003535   Thumb Code   512  gpio.o(i.MX_GPIO_Init)
    MX_TIM1_Init                             0x08003755   Thumb Code   224  tim.o(i.MX_TIM1_Init)
    MX_TIM2_Init                             0x0800383d   Thumb Code   102  tim.o(i.MX_TIM2_Init)
    MX_TIM3_Init                             0x080038a9   Thumb Code   102  tim.o(i.MX_TIM3_Init)
    MX_TIM4_Init                             0x08003919   Thumb Code   100  tim.o(i.MX_TIM4_Init)
    MX_TIM6_Init                             0x08003985   Thumb Code    68  tim.o(i.MX_TIM6_Init)
    MX_UART4_Init                            0x080039d1   Thumb Code    46  usart.o(i.MX_UART4_Init)
    MX_UART5_Init                            0x08003a09   Thumb Code    46  usart.o(i.MX_UART5_Init)
    MX_USART1_UART_Init                      0x08003a41   Thumb Code    46  usart.o(i.MX_USART1_UART_Init)
    MX_USART2_UART_Init                      0x08003a79   Thumb Code    46  usart.o(i.MX_USART2_UART_Init)
    MX_USART3_UART_Init                      0x08003ab1   Thumb Code    46  usart.o(i.MX_USART3_UART_Init)
    MemManage_Handler                        0x08003ae9   Thumb Code     4  stm32f1xx_it.o(i.MemManage_Handler)
    NMI_Handler                              0x08003aed   Thumb Code     4  stm32f1xx_it.o(i.NMI_Handler)
    NRF24L01_Check                           0x08003af1   Thumb Code   102  nrf24l01.o(i.NRF24L01_Check)
    NRF24L01_GetRxBuf                        0x08003b61   Thumb Code    70  nrf24l01.o(i.NRF24L01_GetRxBuf)
    NRF24L01_Get_Value_Flag                  0x08003ba7   Thumb Code     8  nrf24l01.o(i.NRF24L01_Get_Value_Flag)
    NRF24L01_Init                            0x08003baf   Thumb Code    18  nrf24l01.o(i.NRF24L01_Init)
    NRF24L01_RT_Init                         0x08003bc1   Thumb Code   100  nrf24l01.o(i.NRF24L01_RT_Init)
    NRF24L01_Read_Buf                        0x08003c2d   Thumb Code    56  nrf24l01.o(i.NRF24L01_Read_Buf)
    NRF24L01_Read_Reg                        0x08003c65   Thumb Code    34  nrf24l01.o(i.NRF24L01_Read_Reg)
    NRF24L01_Write_Buf                       0x08003c87   Thumb Code    56  nrf24l01.o(i.NRF24L01_Write_Buf)
    NRF24L01_Write_Reg                       0x08003cbf   Thumb Code    36  nrf24l01.o(i.NRF24L01_Write_Reg)
    PendSV_Handler                           0x08003ce3   Thumb Code     2  stm32f1xx_it.o(i.PendSV_Handler)
    R_IRQ                                    0x08003d0d   Thumb Code    12  nrf24l01.o(i.R_IRQ)
    R_MISO                                   0x08003d1d   Thumb Code    12  nrf24l01.o(i.R_MISO)
    SPI_SwapByte                             0x08003d2d   Thumb Code    64  nrf24l01.o(i.SPI_SwapByte)
    STEP_Stop                                0x08003d6d   Thumb Code    38  emm_v5.o(i.STEP_Stop)
    STEP_Turn_1                              0x08003d95   Thumb Code    52  emm_v5.o(i.STEP_Turn_1)
    STEP_Turn_2                              0x08003dcd   Thumb Code    52  emm_v5.o(i.STEP_Turn_2)
    STEP_Turn_3                              0x08003e05   Thumb Code    52  emm_v5.o(i.STEP_Turn_3)
    STEP_Turn_4                              0x08003e3d   Thumb Code    52  emm_v5.o(i.STEP_Turn_4)
    STEP_Turn_5                              0x08003e75   Thumb Code    52  emm_v5.o(i.STEP_Turn_5)
    STEP_Turn_6                              0x08003ead   Thumb Code    52  emm_v5.o(i.STEP_Turn_6)
    SVC_Handler                              0x08003ee5   Thumb Code     2  stm32f1xx_it.o(i.SVC_Handler)
    SysTick_Handler                          0x08003ee7   Thumb Code     8  stm32f1xx_it.o(i.SysTick_Handler)
    SystemClock_Config                       0x08003eef   Thumb Code   102  main.o(i.SystemClock_Config)
    SystemInit                               0x08003f55   Thumb Code     2  system_stm32f1xx.o(i.SystemInit)
    TIM2_IRQHandler                          0x08003f59   Thumb Code    10  stm32f1xx_it.o(i.TIM2_IRQHandler)
    TIM3_IRQHandler                          0x08003f69   Thumb Code    10  stm32f1xx_it.o(i.TIM3_IRQHandler)
    TIM4_IRQHandler                          0x08003f79   Thumb Code    10  stm32f1xx_it.o(i.TIM4_IRQHandler)
    TIM6_IRQHandler                          0x08003f89   Thumb Code    10  stm32f1xx_it.o(i.TIM6_IRQHandler)
    TIM_Base_SetConfig                       0x08003f99   Thumb Code   134  stm32f1xx_hal_tim.o(i.TIM_Base_SetConfig)
    TIM_CCxChannelCmd                        0x08004035   Thumb Code    34  stm32f1xx_hal_tim.o(i.TIM_CCxChannelCmd)
    TIM_ETR_SetConfig                        0x08004057   Thumb Code    22  stm32f1xx_hal_tim.o(i.TIM_ETR_SetConfig)
    TIM_OC2_SetConfig                        0x080040f1   Thumb Code   114  stm32f1xx_hal_tim.o(i.TIM_OC2_SetConfig)
    TJCPrintf                                0x08004289   Thumb Code   152  tjc_usart_hmi.o(i.TJCPrintf)
    UART3_send_char                          0x08004325   Thumb Code    18  usart.o(i.UART3_send_char)
    UART4_IRQHandler                         0x08004341   Thumb Code    10  stm32f1xx_it.o(i.UART4_IRQHandler)
    UART5_IRQHandler                         0x08004351   Thumb Code    10  stm32f1xx_it.o(i.UART5_IRQHandler)
    UART_Start_Receive_IT                    0x080045f9   Thumb Code    64  stm32f1xx_hal_uart.o(i.UART_Start_Receive_IT)
    USART1_IRQHandler                        0x08004699   Thumb Code    10  stm32f1xx_it.o(i.USART1_IRQHandler)
    USART2_IRQHandler                        0x080046a9   Thumb Code    10  stm32f1xx_it.o(i.USART2_IRQHandler)
    USART3_IRQHandler                        0x080046b9   Thumb Code    10  stm32f1xx_it.o(i.USART3_IRQHandler)
    UsageFault_Handler                       0x080046c9   Thumb Code     4  stm32f1xx_it.o(i.UsageFault_Handler)
    W_CE                                     0x080046cd   Thumb Code    16  nrf24l01.o(i.W_CE)
    W_MOSI                                   0x080046e1   Thumb Code    16  nrf24l01.o(i.W_MOSI)
    W_SCK                                    0x080046f5   Thumb Code    16  nrf24l01.o(i.W_SCK)
    W_SS                                     0x08004709   Thumb Code    16  nrf24l01.o(i.W_SS)
    __0sprintf                               0x0800471d   Thumb Code    34  printfa.o(i.__0sprintf)
    __1sprintf                               0x0800471d   Thumb Code     0  printfa.o(i.__0sprintf)
    __2sprintf                               0x0800471d   Thumb Code     0  printfa.o(i.__0sprintf)
    __c89sprintf                             0x0800471d   Thumb Code     0  printfa.o(i.__0sprintf)
    sprintf                                  0x0800471d   Thumb Code     0  printfa.o(i.__0sprintf)
    __0vsnprintf                             0x08004745   Thumb Code    46  printfa.o(i.__0vsnprintf)
    __1vsnprintf                             0x08004745   Thumb Code     0  printfa.o(i.__0vsnprintf)
    __2vsnprintf                             0x08004745   Thumb Code     0  printfa.o(i.__0vsnprintf)
    __c89vsnprintf                           0x08004745   Thumb Code     0  printfa.o(i.__0vsnprintf)
    vsnprintf                                0x08004745   Thumb Code     0  printfa.o(i.__0vsnprintf)
    __ARM_fpclassify                         0x08004779   Thumb Code    40  fpclassify.o(i.__ARM_fpclassify)
    __aeabi_errno_addr                       0x080047d9   Thumb Code     4  errno.o(i.__aeabi_errno_addr)
    __rt_errno_addr                          0x080047d9   Thumb Code     0  errno.o(i.__aeabi_errno_addr)
    __kernel_poly                            0x080047e1   Thumb Code   170  poly.o(i.__kernel_poly)
    __mathlib_dbl_divzero                    0x0800488d   Thumb Code    12  dunder.o(i.__mathlib_dbl_divzero)
    __mathlib_dbl_infnan                     0x0800489d   Thumb Code     6  dunder.o(i.__mathlib_dbl_infnan)
    __mathlib_dbl_infnan2                    0x080048a3   Thumb Code     4  dunder.o(i.__mathlib_dbl_infnan2)
    __mathlib_dbl_invalid                    0x080048a7   Thumb Code    12  dunder.o(i.__mathlib_dbl_invalid)
    __mathlib_dbl_overflow                   0x080048b3   Thumb Code    14  dunder.o(i.__mathlib_dbl_overflow)
    __mathlib_dbl_underflow                  0x080048c1   Thumb Code    10  dunder.o(i.__mathlib_dbl_underflow)
    __scatterload_copy                       0x080048d1   Thumb Code    14  handlers.o(i.__scatterload_copy)
    __scatterload_null                       0x080048df   Thumb Code     2  handlers.o(i.__scatterload_null)
    __scatterload_zeroinit                   0x080048e1   Thumb Code    14  handlers.o(i.__scatterload_zeroinit)
    __set_errno                              0x080048f1   Thumb Code     6  errno.o(i.__set_errno)
    acos                                     0x080051a9   Thumb Code   574  acos.o(i.acos)
    atan                                     0x08005425   Thumb Code   474  atan.o(i.atan)
    atan2                                    0x08005645   Thumb Code   374  atan2.o(i.atan2)
    bujin_fan                                0x080057e1   Thumb Code    36  emm_v5.o(i.bujin_fan)
    bujin_zheng                              0x08005815   Thumb Code    34  emm_v5.o(i.bujin_zheng)
    caluclate3l                              0x08005849   Thumb Code   494  emm_v5.o(i.caluclate3l)
    caluclate3r                              0x08005a61   Thumb Code   494  emm_v5.o(i.caluclate3r)
    caluclate4l                              0x08005c79   Thumb Code   492  emm_v5.o(i.caluclate4l)
    caluclate4r                              0x08005e8d   Thumb Code   492  emm_v5.o(i.caluclate4r)
    change                                   0x080060a1   Thumb Code    30  lobotservocontroller.o(i.change)
    change_angle                             0x080060c5   Thumb Code    38  emm_v5.o(i.change_angle)
    change_angle_1                           0x080060f1   Thumb Code    26  emm_v5.o(i.change_angle_1)
    change_angle_modify                      0x0800610b   Thumb Code    16  emm_v5.o(i.change_angle_modify)
    color_judge                              0x0800611d   Thumb Code    48  nrf24l01.o(i.color_judge)
    delay_ms                                 0x08006195   Thumb Code    56  nrf24l01.o(i.delay_ms)
    deleteRingBuff                           0x080061cd   Thumb Code    74  tjc_usart_hmi.o(i.deleteRingBuff)
    deleteRingBuff_k                         0x0800621d   Thumb Code    74  tjc_usart_hmi.o(i.deleteRingBuff_k)
    float_abs                                0x0800626d   Thumb Code    24  emm_v5.o(i.float_abs)
    getRingBuffLenght                        0x08006285   Thumb Code     6  tjc_usart_hmi.o(i.getRingBuffLenght)
    getRingBuffLenght_1                      0x08006291   Thumb Code     6  tjc_usart_hmi.o(i.getRingBuffLenght_1)
    hanqing_init                             0x0800629d   Thumb Code    46  nrf24l01.o(i.hanqing_init)
    initRingBuff                             0x080062d9   Thumb Code    12  tjc_usart_hmi.o(i.initRingBuff)
    initRingBuff1                            0x080062e9   Thumb Code    12  tjc_usart_hmi.o(i.initRingBuff1)
    jiaoshui                                 0x080062f9   Thumb Code    52  emm_v5.o(i.jiaoshui)
    judge                                    0x08006331   Thumb Code   798  tjc_usart_hmi.o(i.judge)
    judge_receive                            0x08006679   Thumb Code   116  nrf24l01.o(i.judge_receive)
    left_modify                              0x080066fd   Thumb Code    56  emm_v5.o(i.left_modify)
    line1_act                                0x08006735   Thumb Code   380  emm_v5.o(i.line1_act)
    line1_choose                             0x080068d9   Thumb Code    42  emm_v5.o(i.line1_choose)
    line1_config                             0x08006905   Thumb Code    94  emm_v5.o(i.line1_config)
    line1_left                               0x08006969   Thumb Code    20  emm_v5.o(i.line1_left)
    line1_middle                             0x0800697d   Thumb Code    20  emm_v5.o(i.line1_middle)
    line1_right                              0x08006991   Thumb Code    18  emm_v5.o(i.line1_right)
    line2_act                                0x080069a5   Thumb Code   406  emm_v5.o(i.line2_act)
    line2_choose                             0x08006b7d   Thumb Code    42  emm_v5.o(i.line2_choose)
    line2_config                             0x08006ba9   Thumb Code    94  emm_v5.o(i.line2_config)
    line2_left                               0x08006c0d   Thumb Code    20  emm_v5.o(i.line2_left)
    line2_right                              0x08006c21   Thumb Code    18  emm_v5.o(i.line2_right)
    line3_act                                0x08006c35   Thumb Code   414  emm_v5.o(i.line3_act)
    line3_choose                             0x08006e1d   Thumb Code    42  emm_v5.o(i.line3_choose)
    line3_config                             0x08006e49   Thumb Code    94  emm_v5.o(i.line3_config)
    line3_left                               0x08006ead   Thumb Code    56  emm_v5.o(i.line3_left)
    line3_right                              0x08006eed   Thumb Code    54  emm_v5.o(i.line3_right)
    line4_act                                0x08006f2d   Thumb Code   422  emm_v5.o(i.line4_act)
    line4_config                             0x080070e9   Thumb Code    82  emm_v5.o(i.line4_config)
    line4_left                               0x0800713d   Thumb Code    64  emm_v5.o(i.line4_left)
    line4_right                              0x08007185   Thumb Code    62  emm_v5.o(i.line4_right)
    line_fold                                0x080071cd   Thumb Code    20  emm_v5.o(i.line_fold)
    line_watch                               0x080071e1   Thumb Code    20  emm_v5.o(i.line_watch)
    main                                     0x080071f5   Thumb Code   176  main.o(i.main)
    modify_lines                             0x080072b5   Thumb Code    92  emm_v5.o(i.modify_lines)
    moveServo                                0x08007321   Thumb Code    66  lobotservocontroller.o(i.moveServo)
    move_forward                             0x08007369   Thumb Code   370  emm_v5.o(i.move_forward)
    play1                                    0x08007515   Thumb Code    76  music.o(i.play1)
    play2                                    0x08007569   Thumb Code    78  music.o(i.play2)
    play3                                    0x080075c1   Thumb Code    78  music.o(i.play3)
    pow                                      0x08007619   Thumb Code  2512  pow.o(i.pow)
    read1BFromRingBuff                       0x08007ff1   Thumb Code    32  tjc_usart_hmi.o(i.read1BFromRingBuff)
    read1BFromRingBuff_1                     0x08008015   Thumb Code    32  tjc_usart_hmi.o(i.read1BFromRingBuff_1)
    right_modify                             0x08008039   Thumb Code    56  emm_v5.o(i.right_modify)
    sendcmd                                  0x08008071   Thumb Code    24  jy901s.o(i.sendcmd)
    sendnumber                               0x08008089   Thumb Code    34  tjc_usart_hmi.o(i.sendnumber)
    servo_edit                               0x080080b5   Thumb Code    54  emm_v5.o(i.servo_edit)
    show_hanqing                             0x080080ed   Thumb Code   184  nrf24l01.o(i.show_hanqing)
    small_modify                             0x080081b1   Thumb Code   188  emm_v5.o(i.small_modify)
    special_delay                            0x08008271   Thumb Code    32  emm_v5.o(i.special_delay)
    special_delay_2                          0x08008299   Thumb Code    22  emm_v5.o(i.special_delay_2)
    sqrt                                     0x080082af   Thumb Code    76  sqrt.o(i.sqrt)
    uart3_read_data                          0x080082fd   Thumb Code   236  jy901s.o(i.uart3_read_data)
    uartWriteBuf                             0x08008419   Thumb Code    46  lobotservocontroller.o(i.uartWriteBuf)
    usart_SendCmd                            0x08008451   Thumb Code    46  usart.o(i.usart_SendCmd)
    watch                                    0x08008489   Thumb Code   176  emm_v5.o(i.watch)
    watch_stop                               0x0800853d   Thumb Code   136  emm_v5.o(i.watch_stop)
    watch_together                           0x080085c5   Thumb Code   130  emm_v5.o(i.watch_together)
    watch_vel                                0x08008647   Thumb Code   148  emm_v5.o(i.watch_vel)
    writeRingBuff                            0x080086dd   Thumb Code    54  tjc_usart_hmi.o(i.writeRingBuff)
    writeRingBuff1                           0x08008719   Thumb Code    54  tjc_usart_hmi.o(i.writeRingBuff1)
    TX_ADDRESS                               0x08008754   Data           5  nrf24l01.o(.constdata)
    RX_ADDRESS                               0x08008759   Data           5  nrf24l01.o(.constdata)
    AHBPrescTable                            0x08008770   Data          16  system_stm32f1xx.o(.constdata)
    APBPrescTable                            0x08008780   Data           8  system_stm32f1xx.o(.constdata)
    __mathlib_zero                           0x080088f8   Data           8  qnan.o(.constdata)
    __ctype_table                            0x08008900   Data         129  ctype_o.o(.constdata)
    Region$$Table$$Base                      0x08008988   Number         0  anon$$obj.o(Region$$Table)
    Region$$Table$$Limit                     0x080089a8   Number         0  anon$$obj.o(Region$$Table)
    usarflag                                 0x20000000   Data           4  tjc_usart_hmi.o(.data)
    usarflag1                                0x20000004   Data           4  tjc_usart_hmi.o(.data)
    RxBuff                                   0x20000008   Data           1  tjc_usart_hmi.o(.data)
    RxBuff_1                                 0x20000009   Data           1  tjc_usart_hmi.o(.data)
    gyro_data                                0x2000000c   Data           4  emm_v5.o(.data)
    gyroz                                    0x20000010   Data           4  emm_v5.o(.data)
    gyroz_last                               0x20000014   Data           4  emm_v5.o(.data)
    anglez                                   0x20000018   Data           4  emm_v5.o(.data)
    gyro_datax                               0x2000001c   Data           4  emm_v5.o(.data)
    gyrox                                    0x20000020   Data           4  emm_v5.o(.data)
    gyrox_last                               0x20000024   Data           4  emm_v5.o(.data)
    anglex                                   0x20000028   Data           4  emm_v5.o(.data)
    gyro_datay                               0x2000002c   Data           4  emm_v5.o(.data)
    gyroy                                    0x20000030   Data           4  emm_v5.o(.data)
    gyroy_last                               0x20000034   Data           4  emm_v5.o(.data)
    angley                                   0x20000038   Data           4  emm_v5.o(.data)
    yroll                                    0x2000003c   Data           4  emm_v5.o(.data)
    zyaw                                     0x20000040   Data           4  emm_v5.o(.data)
    xpitch                                   0x20000044   Data           4  emm_v5.o(.data)
    turnflag1                                0x20000048   Data           1  emm_v5.o(.data)
    turnflag2                                0x20000049   Data           1  emm_v5.o(.data)
    turnflag3                                0x2000004a   Data           1  emm_v5.o(.data)
    turnflag4                                0x2000004b   Data           1  emm_v5.o(.data)
    turnflag5                                0x2000004c   Data           1  emm_v5.o(.data)
    turnflag6                                0x2000004d   Data           1  emm_v5.o(.data)
    stopflag1                                0x2000004e   Data           1  emm_v5.o(.data)
    stopflag2                                0x2000004f   Data           1  emm_v5.o(.data)
    stopflag3                                0x20000050   Data           1  emm_v5.o(.data)
    stopflag4                                0x20000051   Data           1  emm_v5.o(.data)
    stopflag5                                0x20000052   Data           1  emm_v5.o(.data)
    stopflag6                                0x20000053   Data           1  emm_v5.o(.data)
    x1                                       0x20000054   Data           4  emm_v5.o(.data)
    x2                                       0x20000058   Data           4  emm_v5.o(.data)
    y1                                       0x2000005c   Data           4  emm_v5.o(.data)
    y2                                       0x20000060   Data           4  emm_v5.o(.data)
    z1                                       0x20000064   Data           4  emm_v5.o(.data)
    z3                                       0x20000068   Data           4  emm_v5.o(.data)
    z4                                       0x2000006c   Data           4  emm_v5.o(.data)
    z5                                       0x20000070   Data           4  emm_v5.o(.data)
    z6                                       0x20000074   Data           4  emm_v5.o(.data)
    on_poflag1                               0x20000078   Data           1  emm_v5.o(.data)
    down_poflag1                             0x20000079   Data           1  emm_v5.o(.data)
    on_poflag2                               0x2000007a   Data           1  emm_v5.o(.data)
    down_poflag2                             0x2000007b   Data           1  emm_v5.o(.data)
    xgewei                                   0x2000007c   Data           1  emm_v5.o(.data)
    xshibai                                  0x2000007d   Data           1  emm_v5.o(.data)
    ygewei                                   0x2000007e   Data           1  emm_v5.o(.data)
    yshibai                                  0x2000007f   Data           1  emm_v5.o(.data)
    color                                    0x20000080   Data           1  emm_v5.o(.data)
    modifyflag                               0x20000081   Data           1  emm_v5.o(.data)
    modifyflag1                              0x20000082   Data           1  emm_v5.o(.data)
    xl                                       0x20000084   Data           2  emm_v5.o(.data)
    yl                                       0x20000086   Data           2  emm_v5.o(.data)
    xr                                       0x20000088   Data           2  emm_v5.o(.data)
    yr                                       0x2000008a   Data           2  emm_v5.o(.data)
    poi                                      0x2000008c   Data           4  emm_v5.o(.data)
    poj                                      0x20000090   Data           4  emm_v5.o(.data)
    moveflag                                 0x20000094   Data           1  emm_v5.o(.data)
    movei                                    0x20000098   Data           4  emm_v5.o(.data)
    xc                                       0x2000009c   Data           2  emm_v5.o(.data)
    yc                                       0x2000009e   Data           1  emm_v5.o(.data)
    distance                                 0x200000a0   Data           4  emm_v5.o(.data)
    dydistance                               0x200000a4   Data           4  emm_v5.o(.data)
    spy_po_flag                              0x200000a8   Data           1  emm_v5.o(.data)
    roll_1                                   0x200000ac   Data           4  emm_v5.o(.data)
    roll_2                                   0x200000b0   Data           4  emm_v5.o(.data)
    roll_3                                   0x200000b4   Data           4  emm_v5.o(.data)
    roll_4                                   0x200000b8   Data           4  emm_v5.o(.data)
    rolls1                                   0x200000bc   Data           4  emm_v5.o(.data)
    rolls2                                   0x200000c0   Data           4  emm_v5.o(.data)
    rolls3                                   0x200000c4   Data           4  emm_v5.o(.data)
    rolls4                                   0x200000c8   Data           4  emm_v5.o(.data)
    spy_down_po_flag                         0x200000cc   Data           1  emm_v5.o(.data)
    judge_flag                               0x200000cd   Data           1  emm_v5.o(.data)
    L1                                       0x200000ce   Data           1  emm_v5.o(.data)
    L2                                       0x200000cf   Data           1  emm_v5.o(.data)
    M                                        0x200000d0   Data           1  emm_v5.o(.data)
    R1                                       0x200000d1   Data           1  emm_v5.o(.data)
    R2                                       0x200000d2   Data           1  emm_v5.o(.data)
    stcTime                                  0x200000d4   Data           8  jy901s.o(.data)
    stcAcc                                   0x200000dc   Data           8  jy901s.o(.data)
    stcGyro                                  0x200000e4   Data           8  jy901s.o(.data)
    stcAngle                                 0x200000ec   Data           8  jy901s.o(.data)
    stcMag                                   0x200000f4   Data           8  jy901s.o(.data)
    stcDStatus                               0x200000fc   Data           8  jy901s.o(.data)
    stcPress                                 0x20000104   Data           8  jy901s.o(.data)
    stcLonLat                                0x2000010c   Data           8  jy901s.o(.data)
    stcGPSV                                  0x20000114   Data           8  jy901s.o(.data)
    stcQ                                     0x2000011c   Data           8  jy901s.o(.data)
    ACCCALSW                                 0x20000124   Data           5  jy901s.o(.data)
    SAVACALSW                                0x20000129   Data           5  jy901s.o(.data)
    MAGNETICCALAM                            0x2000012e   Data           5  jy901s.o(.data)
    SAVEMAGNETICCALAM                        0x20000133   Data           5  jy901s.o(.data)
    line1                                    0x2000013c   Data           6  main.o(.data)
    line2                                    0x20000142   Data           6  main.o(.data)
    line3                                    0x20000148   Data           6  main.o(.data)
    rj                                       0x2000014e   Data           1  main.o(.data)
    NRflag                                   0x2000014f   Data           1  main.o(.data)
    BUJIN_1                                  0x20000150   Data           2  main.o(.data)
    BUJIN_CIRCLE                             0x20000154   Data           4  main.o(.data)
    k                                        0x20000158   Data           4  main.o(.data)
    s1                                       0x2000015c   Data           4  main.o(.data)
    s2                                       0x20000160   Data           4  main.o(.data)
    s3                                       0x20000164   Data           4  main.o(.data)
    s4                                       0x20000168   Data           4  main.o(.data)
    isUartRxCompleted                        0x2000016c   Data           1  usart.o(.data)
    Rxdata                                   0x2000016f   Data           1  usart.o(.data)
    uwTick                                   0x20000170   Data           4  stm32f1xx_hal.o(.data)
    uwTickPrio                               0x20000174   Data           4  stm32f1xx_hal.o(.data)
    uwTickFreq                               0x20000178   Data           1  stm32f1xx_hal.o(.data)
    SystemCoreClock                          0x2000017c   Data           4  system_stm32f1xx.o(.data)
    ringBuff                                 0x20000184   Data         506  tjc_usart_hmi.o(.bss)
    ringBuff1                                0x2000037e   Data         506  tjc_usart_hmi.o(.bss)
    collect                                  0x20000578   Data          16  emm_v5.o(.bss)
    LobotTxBuf                               0x20000588   Data         128  lobotservocontroller.o(.bss)
    LobotRxBuf                               0x20000608   Data          16  lobotservocontroller.o(.bss)
    Buf                                      0x20000718   Data          32  main.o(.bss)
    htim1                                    0x20000738   Data          72  tim.o(.bss)
    htim2                                    0x20000780   Data          72  tim.o(.bss)
    htim3                                    0x200007c8   Data          72  tim.o(.bss)
    htim4                                    0x20000810   Data          72  tim.o(.bss)
    htim6                                    0x20000858   Data          72  tim.o(.bss)
    huart4                                   0x200008a0   Data          72  usart.o(.bss)
    huart5                                   0x200008e8   Data          72  usart.o(.bss)
    huart1                                   0x20000930   Data          72  usart.o(.bss)
    huart2                                   0x20000978   Data          72  usart.o(.bss)
    huart3                                   0x200009c0   Data          72  usart.o(.bss)
    __initial_sp                             0x20000f08   Data           0  startup_stm32f103xe.o(STACK)



==============================================================================

Memory Map of the image

  Image Entry point : 0x08000131

  Load Region LR_IROM1 (Base: 0x08000000, Size: 0x00008b2c, Max: 0x00080000, ABSOLUTE, COMPRESSED[0x000089c4])

    Execution Region ER_IROM1 (Exec base: 0x08000000, Load base: 0x08000000, Size: 0x000089a8, Max: 0x00080000, ABSOLUTE)

    Exec Addr    Load Addr    Size         Type   Attr      Idx    E Section Name        Object

    0x08000000   0x08000000   0x00000130   Data   RO            3    RESET               startup_stm32f103xe.o
    0x08000130   0x08000130   0x00000000   Code   RO         4009  * .ARM.Collect$$$$00000000  mc_w.l(entry.o)
    0x08000130   0x08000130   0x00000004   Code   RO         4346    .ARM.Collect$$$$00000001  mc_w.l(entry2.o)
    0x08000134   0x08000134   0x00000004   Code   RO         4349    .ARM.Collect$$$$00000004  mc_w.l(entry5.o)
    0x08000138   0x08000138   0x00000000   Code   RO         4351    .ARM.Collect$$$$00000008  mc_w.l(entry7b.o)
    0x08000138   0x08000138   0x00000000   Code   RO         4353    .ARM.Collect$$$$0000000A  mc_w.l(entry8b.o)
    0x08000138   0x08000138   0x00000008   Code   RO         4354    .ARM.Collect$$$$0000000B  mc_w.l(entry9a.o)
    0x08000140   0x08000140   0x00000004   Code   RO         4361    .ARM.Collect$$$$0000000E  mc_w.l(entry12b.o)
    0x08000144   0x08000144   0x00000000   Code   RO         4356    .ARM.Collect$$$$0000000F  mc_w.l(entry10a.o)
    0x08000144   0x08000144   0x00000000   Code   RO         4358    .ARM.Collect$$$$00000011  mc_w.l(entry11a.o)
    0x08000144   0x08000144   0x00000004   Code   RO         4347    .ARM.Collect$$$$00002712  mc_w.l(entry2.o)
    0x08000148   0x08000148   0x00000024   Code   RO            4    .text               startup_stm32f103xe.o
    0x0800016c   0x0800016c   0x00000020   Code   RO         4012    .text               mc_w.l(llushr.o)
    0x0800018c   0x0800018c   0x00000024   Code   RO         4014    .text               mc_w.l(memseta.o)
    0x080001b0   0x080001b0   0x0000000e   Code   RO         4016    .text               mc_w.l(strlen.o)
    0x080001be   0x080001be   0x00000070   Code   RO         4279    .text               mc_w.l(strtol.o)
    0x0800022e   0x0800022e   0x000000b0   Code   RO         4281    .text               mf_w.l(fadd.o)
    0x080002de   0x080002de   0x00000064   Code   RO         4283    .text               mf_w.l(fmul.o)
    0x08000342   0x08000342   0x0000007c   Code   RO         4285    .text               mf_w.l(fdiv.o)
    0x080003be   0x080003be   0x0000014e   Code   RO         4287    .text               mf_w.l(dadd.o)
    0x0800050c   0x0800050c   0x000000e4   Code   RO         4289    .text               mf_w.l(dmul.o)
    0x080005f0   0x080005f0   0x000000de   Code   RO         4291    .text               mf_w.l(ddiv.o)
    0x080006ce   0x080006ce   0x00000012   Code   RO         4293    .text               mf_w.l(fflti.o)
    0x080006e0   0x080006e0   0x0000000a   Code   RO         4295    .text               mf_w.l(ffltui.o)
    0x080006ea   0x080006ea   0x00000022   Code   RO         4297    .text               mf_w.l(dflti.o)
    0x0800070c   0x0800070c   0x0000001a   Code   RO         4299    .text               mf_w.l(dfltui.o)
    0x08000726   0x08000726   0x00000032   Code   RO         4301    .text               mf_w.l(ffixi.o)
    0x08000758   0x08000758   0x00000032   Code   RO         4303    .text               mf_w.l(dfixui.o)
    0x0800078a   0x0800078a   0x00000026   Code   RO         4305    .text               mf_w.l(f2d.o)
    0x080007b0   0x080007b0   0x00000030   Code   RO         4307    .text               mf_w.l(cdcmple.o)
    0x080007e0   0x080007e0   0x00000030   Code   RO         4309    .text               mf_w.l(cdrcmple.o)
    0x08000810   0x08000810   0x00000038   Code   RO         4311    .text               mf_w.l(d2f.o)
    0x08000848   0x08000848   0x00000014   Code   RO         4313    .text               mf_w.l(cfcmple.o)
    0x0800085c   0x0800085c   0x00000014   Code   RO         4315    .text               mf_w.l(cfrcmple.o)
    0x08000870   0x08000870   0x0000002c   Code   RO         4363    .text               mc_w.l(uidiv.o)
    0x0800089c   0x0800089c   0x00000062   Code   RO         4365    .text               mc_w.l(uldiv.o)
    0x080008fe   0x080008fe   0x0000001e   Code   RO         4367    .text               mc_w.l(llshl.o)
    0x0800091c   0x0800091c   0x00000024   Code   RO         4369    .text               mc_w.l(llsshr.o)
    0x08000940   0x08000940   0x00000008   Code   RO         4371    .text               mc_w.l(ctype_o.o)
    0x08000948   0x08000948   0x0000009e   Code   RO         4406    .text               mc_w.l(_strtoul.o)
    0x080009e6   0x080009e6   0x00000000   Code   RO         4408    .text               mc_w.l(iusefp.o)
    0x080009e6   0x080009e6   0x0000006e   Code   RO         4409    .text               mf_w.l(fepilogue.o)
    0x08000a54   0x08000a54   0x000000ba   Code   RO         4411    .text               mf_w.l(depilogue.o)
    0x08000b0e   0x08000b0e   0x0000002e   Code   RO         4413    .text               mf_w.l(dscalb.o)
    0x08000b3c   0x08000b3c   0x000000a2   Code   RO         4415    .text               mf_w.l(dsqrt.o)
    0x08000bde   0x08000bde   0x00000030   Code   RO         4417    .text               mf_w.l(dfixul.o)
    0x08000c0e   0x08000c0e   0x00000002   PAD
    0x08000c10   0x08000c10   0x00000024   Code   RO         4419    .text               mc_w.l(init.o)
    0x08000c34   0x08000c34   0x0000001c   Code   RO         4421    .text               mc_w.l(_chval.o)
    0x08000c50   0x08000c50   0x00000056   Code   RO         4431    .text               mc_w.l(__dczerorl2.o)
    0x08000ca6   0x08000ca6   0x00000002   PAD
    0x08000ca8   0x08000ca8   0x00000078   Code   RO          460    i.ALL_INIT          emm_v5.o
    0x08000d20   0x08000d20   0x00000018   Code   RO           13    i.Buf_clear1        nrf24l01.o
    0x08000d38   0x08000d38   0x00000004   Code   RO         1384    i.BusFault_Handler  stm32f1xx_it.o
    0x08000d3c   0x08000d3c   0x00000002   Code   RO         1385    i.DebugMon_Handler  stm32f1xx_it.o
    0x08000d3e   0x08000d3e   0x0000002e   Code   RO           14    i.Delay_us          nrf24l01.o
    0x08000d6c   0x08000d6c   0x0000006c   Code   RO          467    i.Emm_V5_Pos_Control  emm_v5.o
    0x08000dd8   0x08000dd8   0x00000034   Code   RO          471    i.Emm_V5_Stop_Now   emm_v5.o
    0x08000e0c   0x08000e0c   0x0000002e   Code   RO          472    i.Emm_V5_Synchronous_motion  emm_v5.o
    0x08000e3a   0x08000e3a   0x0000004e   Code   RO          473    i.Emm_V5_Vel_Control  emm_v5.o
    0x08000e88   0x08000e88   0x00000006   Code   RO         1149    i.Error_Handler     main.o
    0x08000e8e   0x08000e8e   0x00000056   Code   RO         2944    i.HAL_DMA_Abort     stm32f1xx_hal_dma.o
    0x08000ee4   0x08000ee4   0x000001a8   Code   RO         2945    i.HAL_DMA_Abort_IT  stm32f1xx_hal_dma.o
    0x0800108c   0x0800108c   0x00000340   Code   RO         2880    i.HAL_GPIO_Init     stm32f1xx_hal_gpio.o
    0x080013cc   0x080013cc   0x00000010   Code   RO         2882    i.HAL_GPIO_ReadPin  stm32f1xx_hal_gpio.o
    0x080013dc   0x080013dc   0x00000014   Code   RO         2883    i.HAL_GPIO_TogglePin  stm32f1xx_hal_gpio.o
    0x080013f0   0x080013f0   0x0000000c   Code   RO         2884    i.HAL_GPIO_WritePin  stm32f1xx_hal_gpio.o
    0x080013fc   0x080013fc   0x0000000c   Code   RO         2569    i.HAL_GetTick       stm32f1xx_hal.o
    0x08001408   0x08001408   0x00000018   Code   RO         2575    i.HAL_IncTick       stm32f1xx_hal.o
    0x08001420   0x08001420   0x00000028   Code   RO         2576    i.HAL_Init          stm32f1xx_hal.o
    0x08001448   0x08001448   0x0000004c   Code   RO         2577    i.HAL_InitTick      stm32f1xx_hal.o
    0x08001494   0x08001494   0x00000054   Code   RO         1514    i.HAL_MspInit       stm32f1xx_hal_msp.o
    0x080014e8   0x080014e8   0x00000020   Code   RO         3040    i.HAL_NVIC_EnableIRQ  stm32f1xx_hal_cortex.o
    0x08001508   0x08001508   0x0000007c   Code   RO         3046    i.HAL_NVIC_SetPriority  stm32f1xx_hal_cortex.o
    0x08001584   0x08001584   0x00000028   Code   RO         3047    i.HAL_NVIC_SetPriorityGrouping  stm32f1xx_hal_cortex.o
    0x080015ac   0x080015ac   0x0000018c   Code   RO         2733    i.HAL_RCC_ClockConfig  stm32f1xx_hal_rcc.o
    0x08001738   0x08001738   0x0000000c   Code   RO         2738    i.HAL_RCC_GetHCLKFreq  stm32f1xx_hal_rcc.o
    0x08001744   0x08001744   0x00000020   Code   RO         2740    i.HAL_RCC_GetPCLK1Freq  stm32f1xx_hal_rcc.o
    0x08001764   0x08001764   0x00000020   Code   RO         2741    i.HAL_RCC_GetPCLK2Freq  stm32f1xx_hal_rcc.o
    0x08001784   0x08001784   0x00000070   Code   RO         2742    i.HAL_RCC_GetSysClockFreq  stm32f1xx_hal_rcc.o
    0x080017f4   0x080017f4   0x00000464   Code   RO         2745    i.HAL_RCC_OscConfig  stm32f1xx_hal_rcc.o
    0x08001c58   0x08001c58   0x00000034   Code   RO         3051    i.HAL_SYSTICK_Config  stm32f1xx_hal_cortex.o
    0x08001c8c   0x08001c8c   0x00000002   Code   RO         2291    i.HAL_TIMEx_BreakCallback  stm32f1xx_hal_tim_ex.o
    0x08001c8e   0x08001c8e   0x00000002   Code   RO         2292    i.HAL_TIMEx_CommutCallback  stm32f1xx_hal_tim_ex.o
    0x08001c90   0x08001c90   0x00000074   Code   RO         2294    i.HAL_TIMEx_ConfigBreakDeadTime  stm32f1xx_hal_tim_ex.o
    0x08001d04   0x08001d04   0x0000009c   Code   RO         2310    i.HAL_TIMEx_MasterConfigSynchronization  stm32f1xx_hal_tim_ex.o
    0x08001da0   0x08001da0   0x00000066   Code   RO         1576    i.HAL_TIM_Base_Init  stm32f1xx_hal_tim.o
    0x08001e06   0x08001e06   0x00000002   PAD
    0x08001e08   0x08001e08   0x00000114   Code   RO         1215    i.HAL_TIM_Base_MspInit  tim.o
    0x08001f1c   0x08001f1c   0x00000090   Code   RO         1581    i.HAL_TIM_Base_Start_IT  stm32f1xx_hal_tim.o
    0x08001fac   0x08001fac   0x0000010c   Code   RO         1585    i.HAL_TIM_ConfigClockSource  stm32f1xx_hal_tim.o
    0x080020b8   0x080020b8   0x00000002   Code   RO         1610    i.HAL_TIM_IC_CaptureCallback  stm32f1xx_hal_tim.o
    0x080020ba   0x080020ba   0x00000196   Code   RO         1624    i.HAL_TIM_IRQHandler  stm32f1xx_hal_tim.o
    0x08002250   0x08002250   0x00000074   Code   RO         1216    i.HAL_TIM_MspPostInit  tim.o
    0x080022c4   0x080022c4   0x00000002   Code   RO         1627    i.HAL_TIM_OC_DelayElapsedCallback  stm32f1xx_hal_tim.o
    0x080022c6   0x080022c6   0x00000104   Code   RO         1648    i.HAL_TIM_PWM_ConfigChannel  stm32f1xx_hal_tim.o
    0x080023ca   0x080023ca   0x00000066   Code   RO         1651    i.HAL_TIM_PWM_Init  stm32f1xx_hal_tim.o
    0x08002430   0x08002430   0x00000002   Code   RO         1653    i.HAL_TIM_PWM_MspInit  stm32f1xx_hal_tim.o
    0x08002432   0x08002432   0x00000002   Code   RO         1654    i.HAL_TIM_PWM_PulseFinishedCallback  stm32f1xx_hal_tim.o
    0x08002434   0x08002434   0x000000f4   Code   RO         1656    i.HAL_TIM_PWM_Start  stm32f1xx_hal_tim.o
    0x08002528   0x08002528   0x000008ac   Code   RO          474    i.HAL_TIM_PeriodElapsedCallback  emm_v5.o
    0x08002dd4   0x08002dd4   0x00000002   Code   RO         1667    i.HAL_TIM_TriggerCallback  stm32f1xx_hal_tim.o
    0x08002dd6   0x08002dd6   0x00000002   Code   RO         3578    i.HAL_UARTEx_RxEventCallback  stm32f1xx_hal_uart.o
    0x08002dd8   0x08002dd8   0x00000002   Code   RO         3592    i.HAL_UART_ErrorCallback  stm32f1xx_hal_uart.o
    0x08002dda   0x08002dda   0x00000002   PAD
    0x08002ddc   0x08002ddc   0x000002e4   Code   RO         3595    i.HAL_UART_IRQHandler  stm32f1xx_hal_uart.o
    0x080030c0   0x080030c0   0x00000076   Code   RO         3596    i.HAL_UART_Init     stm32f1xx_hal_uart.o
    0x08003136   0x08003136   0x00000002   PAD
    0x08003138   0x08003138   0x000002c0   Code   RO         1287    i.HAL_UART_MspInit  usart.o
    0x080033f8   0x080033f8   0x0000002c   Code   RO         3601    i.HAL_UART_Receive_IT  stm32f1xx_hal_uart.o
    0x08003424   0x08003424   0x00000078   Code   RO          290    i.HAL_UART_RxCpltCallback  tjc_usart_hmi.o
    0x0800349c   0x0800349c   0x00000038   Code   RO         3606    i.HAL_UART_Transmit_IT  stm32f1xx_hal_uart.o
    0x080034d4   0x080034d4   0x00000002   Code   RO         3607    i.HAL_UART_TxCpltCallback  stm32f1xx_hal_uart.o
    0x080034d6   0x080034d6   0x00000004   Code   RO         1386    i.HardFault_Handler  stm32f1xx_it.o
    0x080034da   0x080034da   0x00000002   PAD
    0x080034dc   0x080034dc   0x00000058   Code   RO         1043    i.JY901S_init       jy901s.o
    0x08003534   0x08003534   0x00000220   Code   RO         1190    i.MX_GPIO_Init      gpio.o
    0x08003754   0x08003754   0x000000e8   Code   RO         1217    i.MX_TIM1_Init      tim.o
    0x0800383c   0x0800383c   0x0000006c   Code   RO         1218    i.MX_TIM2_Init      tim.o
    0x080038a8   0x080038a8   0x00000070   Code   RO         1219    i.MX_TIM3_Init      tim.o
    0x08003918   0x08003918   0x0000006c   Code   RO         1220    i.MX_TIM4_Init      tim.o
    0x08003984   0x08003984   0x0000004c   Code   RO         1221    i.MX_TIM6_Init      tim.o
    0x080039d0   0x080039d0   0x00000038   Code   RO         1288    i.MX_UART4_Init     usart.o
    0x08003a08   0x08003a08   0x00000038   Code   RO         1289    i.MX_UART5_Init     usart.o
    0x08003a40   0x08003a40   0x00000038   Code   RO         1290    i.MX_USART1_UART_Init  usart.o
    0x08003a78   0x08003a78   0x00000038   Code   RO         1291    i.MX_USART2_UART_Init  usart.o
    0x08003ab0   0x08003ab0   0x00000038   Code   RO         1292    i.MX_USART3_UART_Init  usart.o
    0x08003ae8   0x08003ae8   0x00000004   Code   RO         1387    i.MemManage_Handler  stm32f1xx_it.o
    0x08003aec   0x08003aec   0x00000004   Code   RO         1388    i.NMI_Handler       stm32f1xx_it.o
    0x08003af0   0x08003af0   0x00000070   Code   RO           15    i.NRF24L01_Check    nrf24l01.o
    0x08003b60   0x08003b60   0x00000046   Code   RO           16    i.NRF24L01_GetRxBuf  nrf24l01.o
    0x08003ba6   0x08003ba6   0x00000008   Code   RO           17    i.NRF24L01_Get_Value_Flag  nrf24l01.o
    0x08003bae   0x08003bae   0x00000012   Code   RO           18    i.NRF24L01_Init     nrf24l01.o
    0x08003bc0   0x08003bc0   0x0000006c   Code   RO           19    i.NRF24L01_RT_Init  nrf24l01.o
    0x08003c2c   0x08003c2c   0x00000038   Code   RO           20    i.NRF24L01_Read_Buf  nrf24l01.o
    0x08003c64   0x08003c64   0x00000022   Code   RO           21    i.NRF24L01_Read_Reg  nrf24l01.o
    0x08003c86   0x08003c86   0x00000038   Code   RO           24    i.NRF24L01_Write_Buf  nrf24l01.o
    0x08003cbe   0x08003cbe   0x00000024   Code   RO           25    i.NRF24L01_Write_Reg  nrf24l01.o
    0x08003ce2   0x08003ce2   0x00000002   Code   RO         1389    i.PendSV_Handler    stm32f1xx_it.o
    0x08003ce4   0x08003ce4   0x00000028   Code   RO         2746    i.RCC_Delay         stm32f1xx_hal_rcc.o
    0x08003d0c   0x08003d0c   0x00000010   Code   RO           26    i.R_IRQ             nrf24l01.o
    0x08003d1c   0x08003d1c   0x00000010   Code   RO           27    i.R_MISO            nrf24l01.o
    0x08003d2c   0x08003d2c   0x00000040   Code   RO           28    i.SPI_SwapByte      nrf24l01.o
    0x08003d6c   0x08003d6c   0x00000026   Code   RO          476    i.STEP_Stop         emm_v5.o
    0x08003d92   0x08003d92   0x00000002   PAD
    0x08003d94   0x08003d94   0x00000038   Code   RO          477    i.STEP_Turn_1       emm_v5.o
    0x08003dcc   0x08003dcc   0x00000038   Code   RO          478    i.STEP_Turn_2       emm_v5.o
    0x08003e04   0x08003e04   0x00000038   Code   RO          479    i.STEP_Turn_3       emm_v5.o
    0x08003e3c   0x08003e3c   0x00000038   Code   RO          480    i.STEP_Turn_4       emm_v5.o
    0x08003e74   0x08003e74   0x00000038   Code   RO          481    i.STEP_Turn_5       emm_v5.o
    0x08003eac   0x08003eac   0x00000038   Code   RO          482    i.STEP_Turn_6       emm_v5.o
    0x08003ee4   0x08003ee4   0x00000002   Code   RO         1390    i.SVC_Handler       stm32f1xx_it.o
    0x08003ee6   0x08003ee6   0x00000008   Code   RO         1391    i.SysTick_Handler   stm32f1xx_it.o
    0x08003eee   0x08003eee   0x00000066   Code   RO         1150    i.SystemClock_Config  main.o
    0x08003f54   0x08003f54   0x00000002   Code   RO         3940    i.SystemInit        system_stm32f1xx.o
    0x08003f56   0x08003f56   0x00000002   PAD
    0x08003f58   0x08003f58   0x00000010   Code   RO         1392    i.TIM2_IRQHandler   stm32f1xx_it.o
    0x08003f68   0x08003f68   0x00000010   Code   RO         1393    i.TIM3_IRQHandler   stm32f1xx_it.o
    0x08003f78   0x08003f78   0x00000010   Code   RO         1394    i.TIM4_IRQHandler   stm32f1xx_it.o
    0x08003f88   0x08003f88   0x00000010   Code   RO         1395    i.TIM6_IRQHandler   stm32f1xx_it.o
    0x08003f98   0x08003f98   0x0000009c   Code   RO         1669    i.TIM_Base_SetConfig  stm32f1xx_hal_tim.o
    0x08004034   0x08004034   0x00000022   Code   RO         1670    i.TIM_CCxChannelCmd  stm32f1xx_hal_tim.o
    0x08004056   0x08004056   0x00000016   Code   RO         1680    i.TIM_ETR_SetConfig  stm32f1xx_hal_tim.o
    0x0800406c   0x0800406c   0x00000012   Code   RO         1681    i.TIM_ITRx_SetConfig  stm32f1xx_hal_tim.o
    0x0800407e   0x0800407e   0x00000002   PAD
    0x08004080   0x08004080   0x00000070   Code   RO         1682    i.TIM_OC1_SetConfig  stm32f1xx_hal_tim.o
    0x080040f0   0x080040f0   0x0000007c   Code   RO         1683    i.TIM_OC2_SetConfig  stm32f1xx_hal_tim.o
    0x0800416c   0x0800416c   0x00000078   Code   RO         1684    i.TIM_OC3_SetConfig  stm32f1xx_hal_tim.o
    0x080041e4   0x080041e4   0x00000054   Code   RO         1685    i.TIM_OC4_SetConfig  stm32f1xx_hal_tim.o
    0x08004238   0x08004238   0x00000026   Code   RO         1687    i.TIM_TI1_ConfigInputStage  stm32f1xx_hal_tim.o
    0x0800425e   0x0800425e   0x00000028   Code   RO         1689    i.TIM_TI2_ConfigInputStage  stm32f1xx_hal_tim.o
    0x08004286   0x08004286   0x00000002   PAD
    0x08004288   0x08004288   0x0000009c   Code   RO          291    i.TJCPrintf         tjc_usart_hmi.o
    0x08004324   0x08004324   0x0000001c   Code   RO         1293    i.UART3_send_char   usart.o
    0x08004340   0x08004340   0x00000010   Code   RO         1396    i.UART4_IRQHandler  stm32f1xx_it.o
    0x08004350   0x08004350   0x00000010   Code   RO         1397    i.UART5_IRQHandler  stm32f1xx_it.o
    0x08004360   0x08004360   0x00000014   Code   RO         3609    i.UART_DMAAbortOnError  stm32f1xx_hal_uart.o
    0x08004374   0x08004374   0x0000006c   Code   RO         3619    i.UART_EndRxTransfer  stm32f1xx_hal_uart.o
    0x080043e0   0x080043e0   0x00000020   Code   RO         3620    i.UART_EndTransmit_IT  stm32f1xx_hal_uart.o
    0x08004400   0x08004400   0x000000fc   Code   RO         3622    i.UART_Receive_IT   stm32f1xx_hal_uart.o
    0x080044fc   0x080044fc   0x000000fc   Code   RO         3623    i.UART_SetConfig    stm32f1xx_hal_uart.o
    0x080045f8   0x080045f8   0x00000040   Code   RO         3625    i.UART_Start_Receive_IT  stm32f1xx_hal_uart.o
    0x08004638   0x08004638   0x00000060   Code   RO         3626    i.UART_Transmit_IT  stm32f1xx_hal_uart.o
    0x08004698   0x08004698   0x00000010   Code   RO         1398    i.USART1_IRQHandler  stm32f1xx_it.o
    0x080046a8   0x080046a8   0x00000010   Code   RO         1399    i.USART2_IRQHandler  stm32f1xx_it.o
    0x080046b8   0x080046b8   0x00000010   Code   RO         1400    i.USART3_IRQHandler  stm32f1xx_it.o
    0x080046c8   0x080046c8   0x00000004   Code   RO         1401    i.UsageFault_Handler  stm32f1xx_it.o
    0x080046cc   0x080046cc   0x00000014   Code   RO           29    i.W_CE              nrf24l01.o
    0x080046e0   0x080046e0   0x00000014   Code   RO           30    i.W_MOSI            nrf24l01.o
    0x080046f4   0x080046f4   0x00000014   Code   RO           31    i.W_SCK             nrf24l01.o
    0x08004708   0x08004708   0x00000014   Code   RO           32    i.W_SS              nrf24l01.o
    0x0800471c   0x0800471c   0x00000028   Code   RO         4253    i.__0sprintf        mc_w.l(printfa.o)
    0x08004744   0x08004744   0x00000034   Code   RO         4256    i.__0vsnprintf      mc_w.l(printfa.o)
    0x08004778   0x08004778   0x00000028   Code   RO         4341    i.__ARM_fpclassify  m_ws.l(fpclassify.o)
    0x080047a0   0x080047a0   0x00000010   Code   RO         3053    i.__NVIC_GetPriorityGrouping  stm32f1xx_hal_cortex.o
    0x080047b0   0x080047b0   0x00000028   Code   RO         3054    i.__NVIC_SetPriority  stm32f1xx_hal_cortex.o
    0x080047d8   0x080047d8   0x00000008   Code   RO         4399    i.__aeabi_errno_addr  mc_w.l(errno.o)
    0x080047e0   0x080047e0   0x000000aa   Code   RO         4343    i.__kernel_poly     m_ws.l(poly.o)
    0x0800488a   0x0800488a   0x00000002   PAD
    0x0800488c   0x0800488c   0x00000010   Code   RO         4327    i.__mathlib_dbl_divzero  m_ws.l(dunder.o)
    0x0800489c   0x0800489c   0x00000006   Code   RO         4328    i.__mathlib_dbl_infnan  m_ws.l(dunder.o)
    0x080048a2   0x080048a2   0x00000004   Code   RO         4329    i.__mathlib_dbl_infnan2  m_ws.l(dunder.o)
    0x080048a6   0x080048a6   0x0000000c   Code   RO         4330    i.__mathlib_dbl_invalid  m_ws.l(dunder.o)
    0x080048b2   0x080048b2   0x0000000e   Code   RO         4331    i.__mathlib_dbl_overflow  m_ws.l(dunder.o)
    0x080048c0   0x080048c0   0x00000010   Code   RO         4333    i.__mathlib_dbl_underflow  m_ws.l(dunder.o)
    0x080048d0   0x080048d0   0x0000000e   Code   RO         4425    i.__scatterload_copy  mc_w.l(handlers.o)
    0x080048de   0x080048de   0x00000002   Code   RO         4426    i.__scatterload_null  mc_w.l(handlers.o)
    0x080048e0   0x080048e0   0x0000000e   Code   RO         4427    i.__scatterload_zeroinit  mc_w.l(handlers.o)
    0x080048ee   0x080048ee   0x00000002   PAD
    0x080048f0   0x080048f0   0x0000000c   Code   RO         4401    i.__set_errno       mc_w.l(errno.o)
    0x080048fc   0x080048fc   0x00000184   Code   RO         4258    i._fp_digits        mc_w.l(printfa.o)
    0x08004a80   0x08004a80   0x000006b4   Code   RO         4259    i._printf_core      mc_w.l(printfa.o)
    0x08005134   0x08005134   0x00000024   Code   RO         4260    i._printf_post_padding  mc_w.l(printfa.o)
    0x08005158   0x08005158   0x0000002e   Code   RO         4261    i._printf_pre_padding  mc_w.l(printfa.o)
    0x08005186   0x08005186   0x00000016   Code   RO         4262    i._snputc           mc_w.l(printfa.o)
    0x0800519c   0x0800519c   0x0000000a   Code   RO         4263    i._sputc            mc_w.l(printfa.o)
    0x080051a6   0x080051a6   0x00000002   PAD
    0x080051a8   0x080051a8   0x0000027c   Code   RO         3974    i.acos              m_ws.l(acos.o)
    0x08005424   0x08005424   0x00000220   Code   RO         4318    i.atan              m_ws.l(atan.o)
    0x08005644   0x08005644   0x0000019c   Code   RO         3984    i.atan2             m_ws.l(atan2.o)
    0x080057e0   0x080057e0   0x00000034   Code   RO          483    i.bujin_fan         emm_v5.o
    0x08005814   0x08005814   0x00000034   Code   RO          484    i.bujin_zheng       emm_v5.o
    0x08005848   0x08005848   0x00000218   Code   RO          485    i.caluclate3l       emm_v5.o
    0x08005a60   0x08005a60   0x00000218   Code   RO          486    i.caluclate3r       emm_v5.o
    0x08005c78   0x08005c78   0x00000214   Code   RO          487    i.caluclate4l       emm_v5.o
    0x08005e8c   0x08005e8c   0x00000214   Code   RO          488    i.caluclate4r       emm_v5.o
    0x080060a0   0x080060a0   0x00000024   Code   RO          949    i.change            lobotservocontroller.o
    0x080060c4   0x080060c4   0x0000002c   Code   RO          489    i.change_angle      emm_v5.o
    0x080060f0   0x080060f0   0x0000001a   Code   RO          490    i.change_angle_1    emm_v5.o
    0x0800610a   0x0800610a   0x00000010   Code   RO          491    i.change_angle_modify  emm_v5.o
    0x0800611a   0x0800611a   0x00000002   PAD
    0x0800611c   0x0800611c   0x00000078   Code   RO           33    i.color_judge       nrf24l01.o
    0x08006194   0x08006194   0x00000038   Code   RO           34    i.delay_ms          nrf24l01.o
    0x080061cc   0x080061cc   0x00000050   Code   RO          292    i.deleteRingBuff    tjc_usart_hmi.o
    0x0800621c   0x0800621c   0x00000050   Code   RO          293    i.deleteRingBuff_k  tjc_usart_hmi.o
    0x0800626c   0x0800626c   0x00000018   Code   RO          492    i.float_abs         emm_v5.o
    0x08006284   0x08006284   0x0000000c   Code   RO          294    i.getRingBuffLenght  tjc_usart_hmi.o
    0x08006290   0x08006290   0x0000000c   Code   RO          295    i.getRingBuffLenght_1  tjc_usart_hmi.o
    0x0800629c   0x0800629c   0x0000003c   Code   RO           35    i.hanqing_init      nrf24l01.o
    0x080062d8   0x080062d8   0x00000010   Code   RO          296    i.initRingBuff      tjc_usart_hmi.o
    0x080062e8   0x080062e8   0x00000010   Code   RO          297    i.initRingBuff1     tjc_usart_hmi.o
    0x080062f8   0x080062f8   0x00000038   Code   RO          493    i.jiaoshui          emm_v5.o
    0x08006330   0x08006330   0x00000348   Code   RO          301    i.judge             tjc_usart_hmi.o
    0x08006678   0x08006678   0x00000084   Code   RO           36    i.judge_receive     nrf24l01.o
    0x080066fc   0x080066fc   0x00000038   Code   RO          494    i.left_modify       emm_v5.o
    0x08006734   0x08006734   0x000001a4   Code   RO          495    i.line1_act         emm_v5.o
    0x080068d8   0x080068d8   0x0000002a   Code   RO          496    i.line1_choose      emm_v5.o
    0x08006902   0x08006902   0x00000002   PAD
    0x08006904   0x08006904   0x00000064   Code   RO          497    i.line1_config      emm_v5.o
    0x08006968   0x08006968   0x00000014   Code   RO          498    i.line1_left        emm_v5.o
    0x0800697c   0x0800697c   0x00000014   Code   RO          499    i.line1_middle      emm_v5.o
    0x08006990   0x08006990   0x00000012   Code   RO          500    i.line1_right       emm_v5.o
    0x080069a2   0x080069a2   0x00000002   PAD
    0x080069a4   0x080069a4   0x000001d8   Code   RO          501    i.line2_act         emm_v5.o
    0x08006b7c   0x08006b7c   0x0000002a   Code   RO          502    i.line2_choose      emm_v5.o
    0x08006ba6   0x08006ba6   0x00000002   PAD
    0x08006ba8   0x08006ba8   0x00000064   Code   RO          503    i.line2_config      emm_v5.o
    0x08006c0c   0x08006c0c   0x00000014   Code   RO          504    i.line2_left        emm_v5.o
    0x08006c20   0x08006c20   0x00000012   Code   RO          505    i.line2_right       emm_v5.o
    0x08006c32   0x08006c32   0x00000002   PAD
    0x08006c34   0x08006c34   0x000001e8   Code   RO          506    i.line3_act         emm_v5.o
    0x08006e1c   0x08006e1c   0x0000002a   Code   RO          507    i.line3_choose      emm_v5.o
    0x08006e46   0x08006e46   0x00000002   PAD
    0x08006e48   0x08006e48   0x00000064   Code   RO          508    i.line3_config      emm_v5.o
    0x08006eac   0x08006eac   0x00000040   Code   RO          509    i.line3_left        emm_v5.o
    0x08006eec   0x08006eec   0x00000040   Code   RO          510    i.line3_right       emm_v5.o
    0x08006f2c   0x08006f2c   0x000001bc   Code   RO          511    i.line4_act         emm_v5.o
    0x080070e8   0x080070e8   0x00000052   Code   RO          513    i.line4_config      emm_v5.o
    0x0800713a   0x0800713a   0x00000002   PAD
    0x0800713c   0x0800713c   0x00000048   Code   RO          514    i.line4_left        emm_v5.o
    0x08007184   0x08007184   0x00000048   Code   RO          515    i.line4_right       emm_v5.o
    0x080071cc   0x080071cc   0x00000014   Code   RO          516    i.line_fold         emm_v5.o
    0x080071e0   0x080071e0   0x00000014   Code   RO          517    i.line_watch        emm_v5.o
    0x080071f4   0x080071f4   0x000000c0   Code   RO         1151    i.main              main.o
    0x080072b4   0x080072b4   0x0000006c   Code   RO          518    i.modify_lines      emm_v5.o
    0x08007320   0x08007320   0x00000048   Code   RO          951    i.moveServo         lobotservocontroller.o
    0x08007368   0x08007368   0x000001ac   Code   RO          519    i.move_forward      emm_v5.o
    0x08007514   0x08007514   0x00000054   Code   RO         1095    i.play1             music.o
    0x08007568   0x08007568   0x00000058   Code   RO         1096    i.play2             music.o
    0x080075c0   0x080075c0   0x00000058   Code   RO         1097    i.play3             music.o
    0x08007618   0x08007618   0x000009d8   Code   RO         3992    i.pow               m_ws.l(pow.o)
    0x08007ff0   0x08007ff0   0x00000024   Code   RO          302    i.read1BFromRingBuff  tjc_usart_hmi.o
    0x08008014   0x08008014   0x00000024   Code   RO          303    i.read1BFromRingBuff_1  tjc_usart_hmi.o
    0x08008038   0x08008038   0x00000038   Code   RO          520    i.right_modify      emm_v5.o
    0x08008070   0x08008070   0x00000018   Code   RO         1044    i.sendcmd           jy901s.o
    0x08008088   0x08008088   0x0000002c   Code   RO          304    i.sendnumber        tjc_usart_hmi.o
    0x080080b4   0x080080b4   0x00000036   Code   RO          521    i.servo_edit        emm_v5.o
    0x080080ea   0x080080ea   0x00000002   PAD
    0x080080ec   0x080080ec   0x000000c4   Code   RO           38    i.show_hanqing      nrf24l01.o
    0x080081b0   0x080081b0   0x000000c0   Code   RO          522    i.small_modify      emm_v5.o
    0x08008270   0x08008270   0x00000028   Code   RO          523    i.special_delay     emm_v5.o
    0x08008298   0x08008298   0x00000016   Code   RO          524    i.special_delay_2   emm_v5.o
    0x080082ae   0x080082ae   0x0000004c   Code   RO         4002    i.sqrt              m_ws.l(sqrt.o)
    0x080082fa   0x080082fa   0x00000002   PAD
    0x080082fc   0x080082fc   0x0000011c   Code   RO         1045    i.uart3_read_data   jy901s.o
    0x08008418   0x08008418   0x00000038   Code   RO          959    i.uartWriteBuf      lobotservocontroller.o
    0x08008450   0x08008450   0x00000038   Code   RO         1296    i.usart_SendCmd     usart.o
    0x08008488   0x08008488   0x000000b4   Code   RO          528    i.watch             emm_v5.o
    0x0800853c   0x0800853c   0x00000088   Code   RO          529    i.watch_stop        emm_v5.o
    0x080085c4   0x080085c4   0x00000082   Code   RO          530    i.watch_together    emm_v5.o
    0x08008646   0x08008646   0x00000094   Code   RO          531    i.watch_vel         emm_v5.o
    0x080086da   0x080086da   0x00000002   PAD
    0x080086dc   0x080086dc   0x0000003c   Code   RO          306    i.writeRingBuff     tjc_usart_hmi.o
    0x08008718   0x08008718   0x0000003c   Code   RO          307    i.writeRingBuff1    tjc_usart_hmi.o
    0x08008754   0x08008754   0x0000000a   Data   RO           39    .constdata          nrf24l01.o
    0x0800875e   0x0800875e   0x00000012   Data   RO         2747    .constdata          stm32f1xx_hal_rcc.o
    0x08008770   0x08008770   0x00000018   Data   RO         3941    .constdata          system_stm32f1xx.o
    0x08008788   0x08008788   0x00000050   Data   RO         3975    .constdata          m_ws.l(acos.o)
    0x080087d8   0x080087d8   0x00000088   Data   RO         3993    .constdata          m_ws.l(pow.o)
    0x08008860   0x08008860   0x00000098   Data   RO         4319    .constdata          m_ws.l(atan.o)
    0x080088f8   0x080088f8   0x00000008   Data   RO         4345    .constdata          m_ws.l(qnan.o)
    0x08008900   0x08008900   0x00000081   Data   RO         4372    .constdata          mc_w.l(ctype_o.o)
    0x08008981   0x08008981   0x00000003   PAD
    0x08008984   0x08008984   0x00000004   Data   RO         4373    .constdata          mc_w.l(ctype_o.o)
    0x08008988   0x08008988   0x00000020   Data   RO         4423    Region$$Table       anon$$obj.o


    Execution Region RW_IRAM1 (Exec base: 0x20000000, Load base: 0x080089a8, Size: 0x00000f08, Max: 0x00010000, ABSOLUTE, COMPRESSED[0x0000001c])

    Exec Addr    Load Addr    Size         Type   Attr      Idx    E Section Name        Object

    0x20000000   COMPRESSED   0x0000000a   Data   RW          309    .data               tjc_usart_hmi.o
    0x2000000a   COMPRESSED   0x00000002   PAD
    0x2000000c   COMPRESSED   0x000000c7   Data   RW          533    .data               emm_v5.o
    0x200000d3   COMPRESSED   0x00000001   PAD
    0x200000d4   COMPRESSED   0x00000065   Data   RW         1047    .data               jy901s.o
    0x20000139   COMPRESSED   0x00000003   PAD
    0x2000013c   COMPRESSED   0x00000030   Data   RW         1153    .data               main.o
    0x2000016c   COMPRESSED   0x00000004   Data   RW         1298    .data               usart.o
    0x20000170   COMPRESSED   0x00000009   Data   RW         2583    .data               stm32f1xx_hal.o
    0x20000179   COMPRESSED   0x00000003   PAD
    0x2000017c   COMPRESSED   0x00000004   Data   RW         3942    .data               system_stm32f1xx.o
    0x20000180   COMPRESSED   0x00000004   Data   RW         4402    .data               mc_w.l(errno.o)
    0x20000184        -       0x000003f4   Zero   RW          308    .bss                tjc_usart_hmi.o
    0x20000578        -       0x00000010   Zero   RW          532    .bss                emm_v5.o
    0x20000588        -       0x00000090   Zero   RW          960    .bss                lobotservocontroller.o
    0x20000618        -       0x00000100   Zero   RW         1046    .bss                jy901s.o
    0x20000718        -       0x00000020   Zero   RW         1152    .bss                main.o
    0x20000738        -       0x00000168   Zero   RW         1222    .bss                tim.o
    0x200008a0        -       0x00000268   Zero   RW         1297    .bss                usart.o
    0x20000b08        -       0x00000400   Zero   RW            1    STACK               startup_stm32f103xe.o


==============================================================================

Image component sizes


      Code (inc. data)   RO Data    RW Data    ZI Data      Debug   Object Name

      9694        934          0        199         16      36059   emm_v5.o
       544         32          0          0          0       1151   gpio.o
       396         84          0        101        256       4864   jy901s.o
       164         22          0          0        144       3380   lobotservocontroller.o
       300         16          0         48         32       3383   main.o
       260         28          0          0          0       1248   music.o
      1308        160         10          0          0     497677   nrf24l01.o
        36          8        304          0       1024        768   startup_stm32f103xe.o
       152         32          0          9          0       5641   stm32f1xx_hal.o
       304         22          0          0          0      29159   stm32f1xx_hal_cortex.o
       510         10          0          0          0       1783   stm32f1xx_hal_dma.o
       880         40          0          0          0       3772   stm32f1xx_hal_gpio.o
        84          8          0          0          0        826   stm32f1xx_hal_msp.o
      1748         98         18          0          0       5688   stm32f1xx_hal_rcc.o
      2284        102          0          0          0      14888   stm32f1xx_hal_tim.o
       276         22          0          0          0       3049   stm32f1xx_hal_tim_ex.o
      1788          8          0          0          0      10243   stm32f1xx_hal_uart.o
       178         54          0          0          0       7428   stm32f1xx_it.o
         2          0         24          4          0       1011   system_stm32f1xx.o
      1028         78          0          0        360       4808   tim.o
      1568        144          0         10       1012       9044   tjc_usart_hmi.o
      1068        112          0          4        616       5313   usart.o

    ----------------------------------------------------------------------
     24606       2014        388        384       3460     651183   Object Totals
         0          0         32          0          0          0   (incl. Generated)
        34          0          0          9          0          0   (incl. Padding)

    ----------------------------------------------------------------------

      Code (inc. data)   RO Data    RW Data    ZI Data      Debug   Library Member Name

       636         62         80          0          0        188   acos.o
       544         70        152          0          0        124   atan.o
       412         38          0          0          0        144   atan2.o
        68         10          0          0          0        408   dunder.o
        40          0          0          0          0         68   fpclassify.o
       170          0          0          0          0         96   poly.o
      2520        190        136          0          0        324   pow.o
         0          0          8          0          0          0   qnan.o
        76          0          0          0          0         84   sqrt.o
        86          0          0          0          0          0   __dczerorl2.o
        28          0          0          0          0         68   _chval.o
       158          0          0          0          0         92   _strtoul.o
         8          4        133          0          0         68   ctype_o.o
         0          0          0          0          0          0   entry.o
         0          0          0          0          0          0   entry10a.o
         0          0          0          0          0          0   entry11a.o
         4          0          0          0          0          0   entry12b.o
         8          4          0          0          0          0   entry2.o
         4          0          0          0          0          0   entry5.o
         0          0          0          0          0          0   entry7b.o
         0          0          0          0          0          0   entry8b.o
         8          4          0          0          0          0   entry9a.o
        20         10          0          4          0        136   errno.o
        30          0          0          0          0          0   handlers.o
        36          8          0          0          0         68   init.o
         0          0          0          0          0          0   iusefp.o
        30          0          0          0          0         68   llshl.o
        36          0          0          0          0         68   llsshr.o
        32          0          0          0          0         68   llushr.o
        36          0          0          0          0        108   memseta.o
      2310         92          0          0          0        680   printfa.o
        14          0          0          0          0         68   strlen.o
       112          0          0          0          0         88   strtol.o
        44          0          0          0          0         80   uidiv.o
        98          0          0          0          0         92   uldiv.o
        48          0          0          0          0         68   cdcmple.o
        48          0          0          0          0         68   cdrcmple.o
        20          0          0          0          0         68   cfcmple.o
        20          0          0          0          0         68   cfrcmple.o
        56          0          0          0          0         88   d2f.o
       334          0          0          0          0        148   dadd.o
       222          0          0          0          0        100   ddiv.o
       186          0          0          0          0        176   depilogue.o
        50          0          0          0          0         76   dfixui.o
        48          0          0          0          0         68   dfixul.o
        34          0          0          0          0         76   dflti.o
        26          0          0          0          0         76   dfltui.o
       228          0          0          0          0         96   dmul.o
        46          0          0          0          0         80   dscalb.o
       162          0          0          0          0        100   dsqrt.o
        38          0          0          0          0         68   f2d.o
       176          0          0          0          0        140   fadd.o
       124          0          0          0          0         88   fdiv.o
       110          0          0          0          0        168   fepilogue.o
        50          0          0          0          0         68   ffixi.o
        18          0          0          0          0         68   fflti.o
        10          0          0          0          0         68   ffltui.o
       100          0          0          0          0         76   fmul.o

    ----------------------------------------------------------------------
      9734        492        512          4          0       5288   Library Totals
        12          0          3          0          0          0   (incl. Padding)

    ----------------------------------------------------------------------

      Code (inc. data)   RO Data    RW Data    ZI Data      Debug   Library Name

      4466        370        376          0          0       1436   m_ws.l
      3102        122        133          4          0       1752   mc_w.l
      2154          0          0          0          0       2100   mf_w.l

    ----------------------------------------------------------------------
      9734        492        512          4          0       5288   Library Totals

    ----------------------------------------------------------------------

==============================================================================


      Code (inc. data)   RO Data    RW Data    ZI Data      Debug   

     34340       2506        900        388       3460     643443   Grand Totals
     34340       2506        900         28       3460     643443   ELF Image Totals (compressed)
     34340       2506        900         28          0          0   ROM Totals

==============================================================================

    Total RO  Size (Code + RO Data)                35240 (  34.41kB)
    Total RW  Size (RW Data + ZI Data)              3848 (   3.76kB)
    Total ROM Size (Code + RO Data + RW Data)      35268 (  34.44kB)

==============================================================================

