<html>
<body>
<pre>
<h1>礦ision Build Log</h1>
<h2>Tool Versions:</h2>
IDE-Version: μVision V5.38.0.0
Copyright (C) 2022 ARM Ltd and ARM Germany GmbH. All rights reserved.
License Information: 1 LX, 1, LIC=ATTQ1-CXL40-UHR8H-WJS7S-RF78Q-3KI0V
 
Tool Versions:
Toolchain:       MDK-ARM Plus  Version: 5.38.0.0
Toolchain Path:  D:\MDK\ARM\ARMCC\Bin
C Compiler:      Armcc.exe V5.06 update 7 (build 960)
Assembler:       Armasm.exe V5.06 update 7 (build 960)
Linker/Locator:  ArmLink.exe V5.06 update 7 (build 960)
Library Manager: ArmAr.exe V5.06 update 7 (build 960)
Hex Converter:   FromElf.exe V5.06 update 7 (build 960)
CPU DLL:         SARMCM3.DLL V5.38.0.0
Dialog DLL:      DCM.DLL V1.17.5.0
Target DLL:      STLink\ST-LINKIII-KEIL_SWO.dll V3.0.1.0
Dialog DLL:      TCM.DLL V1.56.4.0
 
<h2>Project:</h2>
E:\robocup\FINAL\MDK-ARM\FINAL.uvprojx
Project File Date:  10/15/2024

<h2>Output:</h2>
*** Using Compiler 'V5.06 update 7 (build 960)', folder: 'D:\MDK\ARM\ARMCC\Bin'
Rebuild target 'FINAL'
assembling startup_stm32f103xe.s...
compiling JY901S.c...
compiling NRF24L01.c...
..\Core\Inc\tjc_usart_hmi.h(21): warning:  #1295-D: Deprecated declaration isRingBuffOverflow1 - give arg types
  uint8_t isRingBuffOverflow1();
..\Core\Inc\tjc_usart_hmi.h(22): warning:  #1295-D: Deprecated declaration isRingBuffOverflow - give arg types
  uint8_t isRingBuffOverflow();
..\Core\Inc\NRF24L01.c: 2 warnings, 0 errors
compiling main.c...
../Core/Inc/tjc_usart_hmi.h(21): warning:  #1295-D: Deprecated declaration isRingBuffOverflow1 - give arg types
  uint8_t isRingBuffOverflow1();
../Core/Inc/tjc_usart_hmi.h(22): warning:  #1295-D: Deprecated declaration isRingBuffOverflow - give arg types
  uint8_t isRingBuffOverflow();
../Core/Inc/Emm_v5.h(85): warning:  #1295-D: Deprecated declaration line4_choose - give arg types
  void line4_choose();//第四行对应位置的综合函数
../Core/Inc/music.h(10): warning:  #1-D: last line of file ends without a newline
  #endif
../Core/Src/main.c: 4 warnings, 0 errors
compiling LobotServoController.c...
../Core/Inc/tjc_usart_hmi.h(21): warning:  #1295-D: Deprecated declaration isRingBuffOverflow1 - give arg types
  uint8_t isRingBuffOverflow1();
../Core/Inc/tjc_usart_hmi.h(22): warning:  #1295-D: Deprecated declaration isRingBuffOverflow - give arg types
  uint8_t isRingBuffOverflow();
..\Core\Src\LobotServoController.c: 2 warnings, 0 errors
compiling music.c...
../Core/Inc/music.h(10): warning:  #1-D: last line of file ends without a newline
  #endif
../Core/Inc/Emm_v5.h(85): warning:  #1295-D: Deprecated declaration line4_choose - give arg types
  void line4_choose();//第四行对应位置的综合函数
..\Core\Src\music.c: 2 warnings, 0 errors
compiling tjc_usart_hmi.c...
..\Core\Inc\tjc_usart_hmi.h(21): warning:  #1295-D: Deprecated declaration isRingBuffOverflow1 - give arg types
  uint8_t isRingBuffOverflow1();
..\Core\Inc\tjc_usart_hmi.h(22): warning:  #1295-D: Deprecated declaration isRingBuffOverflow - give arg types
  uint8_t isRingBuffOverflow();
..\Core\Inc\Emm_v5.h(85): warning:  #1295-D: Deprecated declaration line4_choose - give arg types
  void line4_choose();//第四行对应位置的综合函数
..\Core\Inc\tjc_usart_hmi.c: 3 warnings, 0 errors
compiling Emm_v5.c...
../Core/Inc/Emm_V5.h(85): warning:  #1295-D: Deprecated declaration line4_choose - give arg types
  void line4_choose();//第四行对应位置的综合函数
../Core/Inc/music.h(10): warning:  #1-D: last line of file ends without a newline
  #endif
../Core/Inc/tjc_usart_hmi.h(21): warning:  #1295-D: Deprecated declaration isRingBuffOverflow1 - give arg types
  uint8_t isRingBuffOverflow1();
../Core/Inc/tjc_usart_hmi.h(22): warning:  #1295-D: Deprecated declaration isRingBuffOverflow - give arg types
  uint8_t isRingBuffOverflow();
..\Core\Src\Emm_v5.c(1201): warning:  #177-D: variable "collect"  was declared but never referenced
  	uint32_t collect[4]={roll_1+rolls1,roll_2+rolls2,roll_3+rolls3,roll_4+rolls4};//标注，很坑的问题，uint32_t的值不可以为负数，否则就会变成很大的正数
..\Core\Src\Emm_v5.c(1590): warning:  #1-D: last line of file ends without a newline
  }
..\Core\Src\Emm_v5.c: 6 warnings, 0 errors
compiling stm32f1xx_it.c...
compiling tim.c...
compiling usart.c...
../Core/Inc/bool.h(11): warning:  #1-D: last line of file ends without a newline
  #endif // BOOL_H
../Core/Src/usart.c(462): warning:  #550-D: variable "TxBuffer"  was set but never used
  static unsigned char TxBuffer[256];
../Core/Src/usart.c(463): warning:  #177-D: variable "TxCounter"  was declared but never referenced
  static unsigned char TxCounter=0;
../Core/Src/usart.c: 3 warnings, 0 errors
compiling stm32f1xx_hal_gpio_ex.c...
compiling stm32f1xx_hal_msp.c...
compiling gpio.c...
compiling stm32f1xx_hal_tim.c...
compiling stm32f1xx_hal.c...
compiling stm32f1xx_hal_cortex.c...
compiling stm32f1xx_hal_rcc_ex.c...
compiling stm32f1xx_hal_gpio.c...
compiling stm32f1xx_hal_dma.c...
compiling stm32f1xx_hal_rcc.c...
compiling stm32f1xx_hal_tim_ex.c...
compiling system_stm32f1xx.c...
compiling stm32f1xx_hal_exti.c...
compiling stm32f1xx_hal_flash.c...
compiling stm32f1xx_hal_pwr.c...
compiling stm32f1xx_hal_flash_ex.c...
compiling stm32f1xx_hal_uart.c...
linking...
Program Size: Code=34340 RO-data=900 RW-data=388 ZI-data=3460  
FromELF: creating hex file...
"FINAL\FINAL.axf" - 0 Error(s), 22 Warning(s).

<h2>Software Packages used:</h2>

Package Vendor: ARM
                http://www.keil.com/pack/ARM.CMSIS.5.9.0.pack
                ARM.CMSIS.5.9.0
                CMSIS (Common Microcontroller Software Interface Standard)
   * Component: CORE Version: 5.6.0

Package Vendor: Keil
                http://www.keil.com/pack/Keil.STM32F1xx_DFP.2.4.0.pack
                Keil.STM32F1xx_DFP.2.4.0
                STMicroelectronics STM32F1 Series Device Support, Drivers and Examples

<h2>Collection of Component include folders:</h2>
  ./RTE/_FINAL
  D:/MDKpro/ARM/CMSIS/5.9.0/CMSIS/Core/Include
  D:/MDKpro/Keil/STM32F1xx_DFP/2.4.0/Device/Include

<h2>Collection of Component Files used:</h2>

   * Component: ARM::CMSIS:CORE:5.6.0
      Include file:  CMSIS/Core/Include/tz_context.h
Build Time Elapsed:  00:00:10
</pre>
</body>
</html>
