<html>
<body>
<pre>
<h1>µVision Build Log</h1>
<h2>Tool Versions:</h2>
IDE-Version: ¦ÌVision V5.38.0.0
Copyright (C) 2022 ARM Ltd and ARM Germany GmbH. All rights reserved.
License Information: 1 LX, 1, LIC=ATTQ1-CXL40-UHR8H-WJS7S-RF78Q-3KI0V
 
Tool Versions:
Toolchain:       MDK-ARM Plus  Version: 5.38.0.0
Toolchain Path:  D:\MDK\ARM\ARMCC\Bin
C Compiler:      Armcc.exe V5.06 update 7 (build 960)
Assembler:       Armasm.exe V5.06 update 7 (build 960)
Linker/Locator:  ArmLink.exe V5.06 update 7 (build 960)
Library Manager: ArmAr.exe V5.06 update 7 (build 960)
Hex Converter:   FromElf.exe V5.06 update 7 (build 960)
CPU DLL:         SARMCM3.DLL V5.38.0.0
Dialog DLL:      DCM.DLL V1.17.5.0
Target DLL:      STLink\ST-LINKIII-KEIL_SWO.dll V3.0.1.0
Dialog DLL:      TCM.DLL V1.56.4.0
 
<h2>Project:</h2>
E:\robocup\detect_part\MDK-ARM\detect_part.uvprojx
Project File Date:  10/04/2024

<h2>Output:</h2>
*** Using Compiler 'V5.06 update 7 (build 960)', folder: 'D:\MDK\ARM\ARMCC\Bin'
Build target 'detect_part'
compiling main.c...
../Core/Inc/bool.h(11): warning:  #1-D: last line of file ends without a newline
  #endif // BOOL_H
../Core/Inc/tjc_usart_hmi.h(19): warning:  #1295-D: Deprecated declaration show - give arg types
  uint16_t show();//show sent order
../Core/Inc/NRF24L01.h(18): warning:  #1295-D: Deprecated declaration NRF24L01_Get_Value_Flag - give arg types
  uint8_t NRF24L01_Get_Value_Flag();
../Core/Src/main.c: 3 warnings, 0 errors
linking...
Program Size: Code=13168 RO-data=524 RW-data=32 ZI-data=2136  
FromELF: creating hex file...
"detect_part\detect_part.axf" - 0 Error(s), 3 Warning(s).

<h2>Software Packages used:</h2>

Package Vendor: ARM
                http://www.keil.com/pack/ARM.CMSIS.5.9.0.pack
                ARM.CMSIS.5.9.0
                CMSIS (Common Microcontroller Software Interface Standard)
   * Component: CORE Version: 5.6.0

Package Vendor: Keil
                http://www.keil.com/pack/Keil.STM32F1xx_DFP.2.4.0.pack
                Keil.STM32F1xx_DFP.2.4.0
                STMicroelectronics STM32F1 Series Device Support, Drivers and Examples

<h2>Collection of Component include folders:</h2>
  ./RTE/_detect_part
  D:/MDKpro/ARM/CMSIS/5.9.0/CMSIS/Core/Include
  D:/MDKpro/Keil/STM32F1xx_DFP/2.4.0/Device/Include

<h2>Collection of Component Files used:</h2>

   * Component: ARM::CMSIS:CORE:5.6.0
      Include file:  CMSIS/Core/Include/tz_context.h
Build Time Elapsed:  00:00:01
</pre>
</body>
</html>
